Component: ARM Compiler 5.05 update 1 (build 106) Tool: armlink [4d0efa]

==============================================================================

Section Cross References

    main.o(i.Bluetooth_Mode) refers to usart.o(i.uart_init) for uart_init
    main.o(i.Bluetooth_Mode) refers to timer.o(i.TIM2_Int_Init) for TIM2_Int_Init
    main.o(i.Bluetooth_Mode) refers to inv_mpu.o(i.mpu_dmp_get_data) for mpu_dmp_get_data
    main.o(i.Bluetooth_Mode) refers to fmul.o(x$fpl$fmul) for __aeabi_fmul
    main.o(i.Bluetooth_Mode) refers to ffix.o(x$fpl$ffix) for __aeabi_f2iz
    main.o(i.Bluetooth_Mode) refers to mpu6050.o(i.MPU_Get_Gyroscope) for MPU_Get_Gyroscope
    main.o(i.Bluetooth_Mode) refers to dflt_clz.o(x$fpl$dflt) for __aeabi_i2d
    main.o(i.Bluetooth_Mode) refers to dmul.o(x$fpl$dmul) for __aeabi_dmul
    main.o(i.Bluetooth_Mode) refers to daddsub_clz.o(x$fpl$dadd) for __aeabi_dadd
    main.o(i.Bluetooth_Mode) refers to daddsub_clz.o(x$fpl$dsub) for __aeabi_dsub
    main.o(i.Bluetooth_Mode) refers to dfix.o(x$fpl$dfix) for __aeabi_d2iz
    main.o(i.Bluetooth_Mode) refers to main.o(.data) for yaw
    main.o(i.Bluetooth_Mode) refers to motor.o(i.A1) for A1
    main.o(i.Bluetooth_Mode) refers to motor.o(i.A2) for A2
    main.o(i.Bluetooth_Mode) refers to motor.o(i.B1) for B1
    main.o(i.Bluetooth_Mode) refers to motor.o(i.B2) for B2
    main.o(i.Gestures_Mode) refers to delay.o(i.delay_ms) for delay_ms
    main.o(i.Gestures_Mode) refers to paj7620u2.o(i.paj7620u2_init) for paj7620u2_init
    main.o(i.Gestures_Mode) refers to paj7620u2.o(i.paj7620u2_ready) for paj7620u2_ready
    main.o(i.Gestures_Mode) refers to timer.o(i.TIM2_Int_Init) for TIM2_Int_Init
    main.o(i.Gestures_Mode) refers to inv_mpu.o(i.mpu_dmp_get_data) for mpu_dmp_get_data
    main.o(i.Gestures_Mode) refers to fmul.o(x$fpl$fmul) for __aeabi_fmul
    main.o(i.Gestures_Mode) refers to ffix.o(x$fpl$ffix) for __aeabi_f2iz
    main.o(i.Gestures_Mode) refers to mpu6050.o(i.MPU_Get_Gyroscope) for MPU_Get_Gyroscope
    main.o(i.Gestures_Mode) refers to dflt_clz.o(x$fpl$dflt) for __aeabi_i2d
    main.o(i.Gestures_Mode) refers to dmul.o(x$fpl$dmul) for __aeabi_dmul
    main.o(i.Gestures_Mode) refers to daddsub_clz.o(x$fpl$dadd) for __aeabi_dadd
    main.o(i.Gestures_Mode) refers to daddsub_clz.o(x$fpl$dsub) for __aeabi_dsub
    main.o(i.Gestures_Mode) refers to dfix.o(x$fpl$dfix) for __aeabi_d2iz
    main.o(i.Gestures_Mode) refers to main.o(.data) for yaw
    main.o(i.Gestures_Mode) refers to motor.o(i.A1) for A1
    main.o(i.Gestures_Mode) refers to motor.o(i.A2) for A2
    main.o(i.Gestures_Mode) refers to motor.o(i.B1) for B1
    main.o(i.Gestures_Mode) refers to motor.o(i.B2) for B2
    main.o(i.Gestures_Mode) refers to paj7620u2.o(i.gesture_recognition) for gesture_recognition
    main.o(i.MPU6050_Calibration) refers to mpu6050.o(i.MPU_Get_Gyroscope) for MPU_Get_Gyroscope
    main.o(i.MPU6050_Calibration) refers to delay.o(i.delay_ms) for delay_ms
    main.o(i.MPU6050_Calibration) refers to main.o(.data) for jzgx
    main.o(i.Remote_Mode) refers to remote.o(i.Remote_Init) for Remote_Init
    main.o(i.Remote_Mode) refers to timer.o(i.TIM2_Int_Init) for TIM2_Int_Init
    main.o(i.Remote_Mode) refers to inv_mpu.o(i.mpu_dmp_get_data) for mpu_dmp_get_data
    main.o(i.Remote_Mode) refers to fmul.o(x$fpl$fmul) for __aeabi_fmul
    main.o(i.Remote_Mode) refers to ffix.o(x$fpl$ffix) for __aeabi_f2iz
    main.o(i.Remote_Mode) refers to mpu6050.o(i.MPU_Get_Gyroscope) for MPU_Get_Gyroscope
    main.o(i.Remote_Mode) refers to dflt_clz.o(x$fpl$dflt) for __aeabi_i2d
    main.o(i.Remote_Mode) refers to dmul.o(x$fpl$dmul) for __aeabi_dmul
    main.o(i.Remote_Mode) refers to daddsub_clz.o(x$fpl$dadd) for __aeabi_dadd
    main.o(i.Remote_Mode) refers to daddsub_clz.o(x$fpl$dsub) for __aeabi_dsub
    main.o(i.Remote_Mode) refers to dfix.o(x$fpl$dfix) for __aeabi_d2iz
    main.o(i.Remote_Mode) refers to main.o(.data) for yaw
    main.o(i.Remote_Mode) refers to motor.o(i.A1) for A1
    main.o(i.Remote_Mode) refers to motor.o(i.A2) for A2
    main.o(i.Remote_Mode) refers to motor.o(i.B1) for B1
    main.o(i.Remote_Mode) refers to motor.o(i.B2) for B2
    main.o(i.Remote_Mode) refers to remote.o(i.Remote_Scan) for Remote_Scan
    main.o(i.main) refers to delay.o(i.delay_init) for delay_init
    main.o(i.main) refers to misc.o(i.NVIC_PriorityGroupConfig) for NVIC_PriorityGroupConfig
    main.o(i.main) refers to led.o(i.LED_Init) for LED_Init
    main.o(i.main) refers to key.o(i.KEY_Init) for KEY_Init
    main.o(i.main) refers to motor.o(i.Motor_Init) for Motor_Init
    main.o(i.main) refers to exti.o(i.EXTIX_Init) for EXTIX_Init
    main.o(i.main) refers to mpu6050.o(i.MPU_Init) for MPU_Init
    main.o(i.main) refers to timer.o(i.TIM3_PWM_Init) for TIM3_PWM_Init
    main.o(i.main) refers to delay.o(i.delay_ms) for delay_ms
[...]
    .constdata                               0x08008844   Section       80  inv_mpu.o(.constdata)
    .constdata                               0x08008894   Section     3062  inv_mpu_dmp_motion_driver.o(.constdata)
    dmp_memory                               0x08008894   Data        3062  inv_mpu_dmp_motion_driver.o(.constdata)
    .constdata                               0x0800948a   Section      232  paj7620u2.o(.constdata)
    .constdata                               0x08009572   Section       17  __printf_flags_wp.o(.constdata)
    maptable                                 0x08009572   Data          17  __printf_flags_wp.o(.constdata)
    .constdata                               0x08009588   Section       80  asin.o(.constdata)
    pS                                       0x08009588   Data          48  asin.o(.constdata)
    qS                                       0x080095b8   Data          32  asin.o(.constdata)
    .constdata                               0x080095d8   Section      152  atan.o(.constdata)
    atanhi                                   0x080095d8   Data          32  atan.o(.constdata)
    atanlo                                   0x080095f8   Data          32  atan.o(.constdata)
    aTodd                                    0x08009618   Data          40  atan.o(.constdata)
    aTeven                                   0x08009640   Data          48  atan.o(.constdata)
    .constdata                               0x08009670   Section        8  qnan.o(.constdata)
    .conststring                             0x08009678   Section       77  inv_mpu.o(.conststring)
    .data                                    0x20000000   Section      140  main.o(.data)
    .data                                    0x2000008c   Section       20  system_stm32f10x.o(.data)
    .data                                    0x200000a0   Section        1  key.o(.data)
    key_up                                   0x200000a0   Data           1  key.o(.data)
    .data                                    0x200000a4   Section       53  inv_mpu.o(.data)
    st                                       0x200000a4   Data          44  inv_mpu.o(.data)
    gyro_orientation                         0x200000d0   Data           9  inv_mpu.o(.data)
    .data                                    0x200000dc   Section        9  remote.o(.data)
    .data                                    0x200000e6   Section        4  delay.o(.data)
    fac_us                                   0x200000e6   Data           1  delay.o(.data)
    fac_ms                                   0x200000e8   Data           2  delay.o(.data)
    .data                                    0x200000ec   Section        4  usart.o(.data)
    .data                                    0x200000f0   Section       20  stm32f10x_rcc.o(.data)
    APBAHBPrescTable                         0x200000f0   Data          16  stm32f10x_rcc.o(.data)
    ADCPrescTable                            0x20000100   Data           4  stm32f10x_rcc.o(.data)
    .bss                                     0x20000104   Section       16  inv_mpu_dmp_motion_driver.o(.bss)
    dmp                                      0x20000104   Data          16  inv_mpu_dmp_motion_driver.o(.bss)
    .bss                                     0x20000114   Section       96  libspace.o(.bss)
    HEAP                                     0x20000178   Section      512  startup_stm32f10x_hd.o(HEAP)
    Heap_Mem                                 0x20000178   Data         512  startup_stm32f10x_hd.o(HEAP)
    STACK                                    0x20000378   Section     1024  startup_stm32f10x_hd.o(STACK)
    Stack_Mem                                0x20000378   Data        1024  startup_stm32f10x_hd.o(STACK)
    __initial_sp                             0x20000778   Data           0  startup_stm32f10x_hd.o(STACK)

    Global Symbols

    Symbol Name                              Value     Ov Type        Size  Object(Section)

    BuildAttributes$$THM_ISAv4$P$D$K$B$S$PE$A:L22UL41UL21$X:L11$S22US41US21$IEEE1$IW$USESV6$~STKCKD$USESV7$~SHL$OTIME$ROPI$IEEEX$EBA8$UX$STANDARDLIB$REQ8$PRES8$EABIv2 0x00000000   Number         0  anon$$obj.o ABSOLUTE
    __ARM_use_no_argv                        0x00000000   Number         0  main.o ABSOLUTE
    _printf_flags                            0x00000000   Number         0  printf_stubs.o ABSOLUTE
    _printf_return_value                     0x00000000   Number         0  printf_stubs.o ABSOLUTE
    _printf_sizespec                         0x00000000   Number         0  printf_stubs.o ABSOLUTE
    _printf_widthprec                        0x00000000   Number         0  printf_stubs.o ABSOLUTE
    __ARM_exceptions_init                     - Undefined Weak Reference
    __alloca_initialize                       - Undefined Weak Reference
    __arm_preinit_                            - Undefined Weak Reference
    __cpp_initialize__aeabi_                  - Undefined Weak Reference
    __cxa_finalize                            - Undefined Weak Reference
    __rt_locale                               - Undefined Weak Reference
    __sigvec_lookup                           - Undefined Weak Reference
    _atexit_init                              - Undefined Weak Reference
    _call_atexit_fns                          - Undefined Weak Reference
    _clock_init                               - Undefined Weak Reference
    _fp_trap_init                             - Undefined Weak Reference
    _fp_trap_shutdown                         - Undefined Weak Reference
    _get_lc_collate                           - Undefined Weak Reference
    _get_lc_ctype                             - Undefined Weak Reference
    _get_lc_monetary                          - Undefined Weak Reference
    _get_lc_numeric                           - Undefined Weak Reference
    _get_lc_time                              - Undefined Weak Reference
    _getenv_init                              - Undefined Weak Reference
    _handle_redirection                       - Undefined Weak Reference
    _init_alloc                               - Undefined Weak Reference
    _init_user_alloc                          - Undefined Weak Reference
    _initio                                   - Undefined Weak Reference
    _mutex_acquire                            - Undefined Weak Reference
    _mutex_release                            - Undefined Weak Reference
    _printf_truncate_signed                   - Undefined Weak Reference
    _printf_truncate_unsigned                 - Undefined Weak Reference
    _rand_init                                - Undefined Weak Reference
    _signal_finish                            - Undefined Weak Reference
    _signal_init                              - Undefined Weak Reference
    _terminate_alloc                          - Undefined Weak Reference
    _terminate_user_alloc                     - Undefined Weak Reference
    _terminateio                              - Undefined Weak Reference
    __Vectors_Size                           0x00000130   Number         0  startup_stm32f10x_hd.o ABSOLUTE
    __Vectors                                0x08000000   Data           4  startup_stm32f10x_hd.o(RESET)
    __Vectors_End                            0x08000130   Data           0  startup_stm32f10x_hd.o(RESET)
    __main                                   0x08000131   Thumb Code     8  __main.o(!!!main)
    __scatterload                            0x08000139   Thumb Code     0  __scatter.o(!!!scatter)
    __scatterload_rt2                        0x08000139   Thumb Code    44  __scatter.o(!!!scatter)
    __scatterload_rt2_thumb_only             0x08000139   Thumb Code     0  __scatter.o(!!!scatter)
    __scatterload_null                       0x08000147   Thumb Code     0  __scatter.o(!!!scatter)
    __scatterload_copy                       0x0800016d   Thumb Code    26  __scatter_copy.o(!!handler_copy)
    __scatterload_zeroinit                   0x08000189   Thumb Code    28  __scatter_zi.o(!!handler_zi)
    _printf_d                                0x080001a5   Thumb Code     0  _printf_d.o(.ARM.Collect$$_printf_percent$$00000009)
    _printf_percent                          0x080001a5   Thumb Code     0  _printf_percent.o(.ARM.Collect$$_printf_percent$$00000000)
    _printf_percent_end                      0x080001ab   Thumb Code     0  _printf_percent_end.o(.ARM.Collect$$_printf_percent$$00000017)
    __rt_lib_init                            0x080001af   Thumb Code     0  libinit.o(.ARM.Collect$$libinit$$00000000)
    __rt_lib_init_alloca_1                   0x080001b1   Thumb Code     0  libinit2.o(.ARM.Collect$$libinit$$0000002E)
    __rt_lib_init_argv_1                     0x080001b1   Thumb Code     0  libinit2.o(.ARM.Collect$$libinit$$0000002C)
    __rt_lib_init_atexit_1                   0x080001b1   Thumb Code     0  libinit2.o(.ARM.Collect$$libinit$$0000001B)
    __rt_lib_init_clock_1                    0x080001b1   Thumb Code     0  libinit2.o(.ARM.Collect$$libinit$$00000021)
    __rt_lib_init_cpp_1                      0x080001b1   Thumb Code     0  libinit2.o(.ARM.Collect$$libinit$$00000032)
    __rt_lib_init_exceptions_1               0x080001b1   Thumb Code     0  libinit2.o(.ARM.Collect$$libinit$$00000030)
    __rt_lib_init_fp_1                       0x080001b1   Thumb Code     0  libinit2.o(.ARM.Collect$$libinit$$00000002)
    __rt_lib_init_fp_trap_1                  0x080001b1   Thumb Code     0  libinit2.o(.ARM.Collect$$libinit$$0000001F)
    __rt_lib_init_getenv_1                   0x080001b1   Thumb Code     0  libinit2.o(.ARM.Collect$$libinit$$00000023)
    __rt_lib_init_heap_1                     0x080001b1   Thumb Code     0  libinit2.o(.ARM.Collect$$libinit$$0000000A)
    __rt_lib_init_lc_collate_1               0x080001b1   Thumb Code     0  libinit2.o(.ARM.Collect$$libinit$$00000011)
    __rt_lib_init_lc_ctype_1                 0x080001b1   Thumb Code     0  libinit2.o(.ARM.Collect$$libinit$$00000013)
    __rt_lib_init_lc_monetary_1              0x080001b1   Thumb Code     0  libinit2.o(.ARM.Collect$$libinit$$00000015)
    __rt_lib_init_lc_numeric_1               0x080001b1   Thumb Code     0  libinit2.o(.ARM.Collect$$libinit$$00000017)
    __rt_lib_init_lc_time_1                  0x080001b1   Thumb Code     0  libinit2.o(.ARM.Collect$$libinit$$00000019)
    __rt_lib_init_preinit_1                  0x080001b1   Thumb Code     0  libinit2.o(.ARM.Collect$$libinit$$00000004)
    __rt_lib_init_rand_1                     0x080001b1   Thumb Code     0  libinit2.o(.ARM.Collect$$libinit$$0000000E)
    __rt_lib_init_return                     0x080001b1   Thumb Code     0  libinit2.o(.ARM.Collect$$libinit$$00000033)
    __rt_lib_init_signal_1                   0x080001b1   Thumb Code     0  libinit2.o(.ARM.Collect$$libinit$$0000001D)
    __rt_lib_init_stdio_1                    0x080001b1   Thumb Code     0  libinit2.o(.ARM.Collect$$libinit$$00000025)
    __rt_lib_init_user_alloc_1               0x080001b1   Thumb Code     0  libinit2.o(.ARM.Collect$$libinit$$0000000C)
    __rt_lib_shutdown                        0x080001b3   Thumb Code     0  libshutdown.o(.ARM.Collect$$libshutdown$$00000000)
    __rt_lib_shutdown_fp_trap_1              0x080001b5   Thumb Code     0  libshutdown2.o(.ARM.Collect$$libshutdown$$00000006)
    __rt_lib_shutdown_heap_1                 0x080001b5   Thumb Code     0  libshutdown2.o(.ARM.Collect$$libshutdown$$0000000E)
    __rt_lib_shutdown_return                 0x080001b5   Thumb Code     0  libshutdown2.o(.ARM.Collect$$libshutdown$$0000000F)
    __rt_lib_shutdown_signal_1               0x080001b5   Thumb Code     0  libshutdown2.o(.ARM.Collect$$libshutdown$$00000009)
    __rt_lib_shutdown_stdio_1                0x080001b5   Thumb Code     0  libshutdown2.o(.ARM.Collect$$libshutdown$$00000003)
    __rt_lib_shutdown_user_alloc_1           0x080001b5   Thumb Code     0  libshutdown2.o(.ARM.Collect$$libshutdown$$0000000B)
    __rt_entry                               0x080001b7   Thumb Code     0  __rtentry.o(.ARM.Collect$$rtentry$$00000000)
    __rt_entry_presh_1                       0x080001b7   Thumb Code     0  __rtentry2.o(.ARM.Collect$$rtentry$$00000002)
    __rt_entry_sh                            0x080001b7   Thumb Code     0  __rtentry4.o(.ARM.Collect$$rtentry$$00000004)
    __rt_entry_li                            0x080001bd   Thumb Code     0  __rtentry2.o(.ARM.Collect$$rtentry$$0000000A)
    __rt_entry_postsh_1                      0x080001bd   Thumb Code     0  __rtentry2.o(.ARM.Collect$$rtentry$$00000009)
    __rt_entry_main                          0x080001c1   Thumb Code     0  __rtentry2.o(.ARM.Collect$$rtentry$$0000000D)
    __rt_entry_postli_1                      0x080001c1   Thumb Code     0  __rtentry2.o(.ARM.Collect$$rtentry$$0000000C)
    __rt_exit                                0x080001c9   Thumb Code     0  rtexit.o(.ARM.Collect$$rtexit$$00000000)
    __rt_exit_ls                             0x080001cb   Thumb Code     0  rtexit2.o(.ARM.Collect$$rtexit$$00000003)
    __rt_exit_prels_1                        0x080001cb   Thumb Code     0  rtexit2.o(.ARM.Collect$$rtexit$$00000002)
    __rt_exit_exit                           0x080001cf   Thumb Code     0  rtexit2.o(.ARM.Collect$$rtexit$$00000004)
    Reset_Handler                            0x080001d5   Thumb Code     8  startup_stm32f10x_hd.o(.text)
    ADC1_2_IRQHandler                        0x080001ef   Thumb Code     0  startup_stm32f10x_hd.o(.text)
    ADC3_IRQHandler                          0x080001ef   Thumb Code     0  startup_stm32f10x_hd.o(.text)
    CAN1_RX1_IRQHandler                      0x080001ef   Thumb Code     0  startup_stm32f10x_hd.o(.text)
    CAN1_SCE_IRQHandler                      0x080001ef   Thumb Code     0  startup_stm32f10x_hd.o(.text)
    DMA1_Channel1_IRQHandler                 0x080001ef   Thumb Code     0  startup_stm32f10x_hd.o(.text)
    DMA1_Channel2_IRQHandler                 0x080001ef   Thumb Code     0  startup_stm32f10x_hd.o(.text)
    DMA1_Channel3_IRQHandler                 0x080001ef   Thumb Code     0  startup_stm32f10x_hd.o(.text)
    DMA1_Channel4_IRQHandler                 0x080001ef   Thumb Code     0  startup_stm32f10x_hd.o(.text)
    DMA1_Channel5_IRQHandler                 0x080001ef   Thumb Code     0  startup_stm32f10x_hd.o(.text)
    DMA1_Channel6_IRQHandler                 0x080001ef   Thumb Code     0  startup_stm32f10x_hd.o(.text)
    DMA1_Channel7_IRQHandler                 0x080001ef   Thumb Code     0  startup_stm32f10x_hd.o(.text)
    DMA2_Channel1_IRQHandler                 0x080001ef   Thumb Code     0  startup_stm32f10x_hd.o(.text)
    DMA2_Channel2_IRQHandler                 0x080001ef   Thumb Code     0  startup_stm32f10x_hd.o(.text)
    DMA2_Channel3_IRQHandler                 0x080001ef   Thumb Code     0  startup_stm32f10x_hd.o(.text)
    DMA2_Channel4_5_IRQHandler               0x080001ef   Thumb Code     0  startup_stm32f10x_hd.o(.text)
    FLASH_IRQHandler                         0x080001ef   Thumb Code     0  startup_stm32f10x_hd.o(.text)
    FSMC_IRQHandler                          0x080001ef   Thumb Code     0  startup_stm32f10x_hd.o(.text)
    I2C1_ER_IRQHandler                       0x080001ef   Thumb Code     0  startup_stm32f10x_hd.o(.text)
    I2C1_EV_IRQHandler                       0x080001ef   Thumb Code     0  startup_stm32f10x_hd.o(.text)
    I2C2_ER_IRQHandler                       0x080001ef   Thumb Code     0  startup_stm32f10x_hd.o(.text)
    I2C2_EV_IRQHandler                       0x080001ef   Thumb Code     0  startup_stm32f10x_hd.o(.text)
    PVD_IRQHandler                           0x080001ef   Thumb Code     0  startup_stm32f10x_hd.o(.text)
    RCC_IRQHandler                           0x080001ef   Thumb Code     0  startup_stm32f10x_hd.o(.text)
    RTCAlarm_IRQHandler                      0x080001ef   Thumb Code     0  startup_stm32f10x_hd.o(.text)
    RTC_IRQHandler                           0x080001ef   Thumb Code     0  startup_stm32f10x_hd.o(.text)
    SDIO_IRQHandler                          0x080001ef   Thumb Code     0  startup_stm32f10x_hd.o(.text)
    SPI1_IRQHandler                          0x080001ef   Thumb Code     0  startup_stm32f10x_hd.o(.text)
    SPI2_IRQHandler                          0x080001ef   Thumb Code     0  startup_stm32f10x_hd.o(.text)
    SPI3_IRQHandler                          0x080001ef   Thumb Code     0  startup_stm32f10x_hd.o(.text)
    TAMPER_IRQHandler                        0x080001ef   Thumb Code     0  startup_stm32f10x_hd.o(.text)
    TIM1_BRK_IRQHandler                      0x080001ef   Thumb Code     0  startup_stm32f10x_hd.o(.text)
    TIM1_CC_IRQHandler                       0x080001ef   Thumb Code     0  startup_stm32f10x_hd.o(.text)
    TIM1_TRG_COM_IRQHandler                  0x080001ef   Thumb Code     0  startup_stm32f10x_hd.o(.text)
    TIM1_UP_IRQHandler                       0x080001ef   Thumb Code     0  startup_stm32f10x_hd.o(.text)
    TIM3_IRQHandler                          0x080001ef   Thumb Code     0  startup_stm32f10x_hd.o(.text)
    TIM5_IRQHandler                          0x080001ef   Thumb Code     0  startup_stm32f10x_hd.o(.text)
    TIM6_IRQHandler                          0x080001ef   Thumb Code     0  startup_stm32f10x_hd.o(.text)
    TIM7_IRQHandler                          0x080001ef   Thumb Code     0  startup_stm32f10x_hd.o(.text)
    TIM8_BRK_IRQHandler                      0x080001ef   Thumb Code     0  startup_stm32f10x_hd.o(.text)
    TIM8_CC_IRQHandler                       0x080001ef   Thumb Code     0  startup_stm32f10x_hd.o(.text)
    TIM8_TRG_COM_IRQHandler                  0x080001ef   Thumb Code     0  startup_stm32f10x_hd.o(.text)
    TIM8_UP_IRQHandler                       0x080001ef   Thumb Code     0  startup_stm32f10x_hd.o(.text)
    UART4_IRQHandler                         0x080001ef   Thumb Code     0  startup_stm32f10x_hd.o(.text)
    UART5_IRQHandler                         0x080001ef   Thumb Code     0  startup_stm32f10x_hd.o(.text)
    USART1_IRQHandler                        0x080001ef   Thumb Code     0  startup_stm32f10x_hd.o(.text)
    USART3_IRQHandler                        0x080001ef   Thumb Code     0  startup_stm32f10x_hd.o(.text)
    USBWakeUp_IRQHandler                     0x080001ef   Thumb Code     0  startup_stm32f10x_hd.o(.text)
    USB_HP_CAN1_TX_IRQHandler                0x080001ef   Thumb Code     0  startup_stm32f10x_hd.o(.text)
    USB_LP_CAN1_RX0_IRQHandler               0x080001ef   Thumb Code     0  startup_stm32f10x_hd.o(.text)
    WWDG_IRQHandler                          0x080001ef   Thumb Code     0  startup_stm32f10x_hd.o(.text)
    __user_initial_stackheap                 0x080001f1   Thumb Code     0  startup_stm32f10x_hd.o(.text)
    __use_no_semihosting                     0x08000215   Thumb Code     2  use_no_semi_2.o(.text)
    __aeabi_ldivmod                          0x08000217   Thumb Code     0  llsdiv.o(.text)
    _ll_sdiv                                 0x08000217   Thumb Code    72  llsdiv.o(.text)
    __2printf                                0x08000261   Thumb Code    20  noretval__2printf.o(.text)
    _printf_int_dec                          0x08000279   Thumb Code   104  _printf_dec.o(.text)
    __printf                                 0x080002f1   Thumb Code   308  __printf_flags_wp.o(.text)
    memcmp                                   0x08000429   Thumb Code    88  memcmp.o(.text)
    __aeabi_memset                           0x08000481   Thumb Code    16  aeabi_memset.o(.text)
    __use_two_region_memory                  0x08000491   Thumb Code     2  heapauxi.o(.text)
    __rt_heap_escrow$2region                 0x08000493   Thumb Code     2  heapauxi.o(.text)
    __rt_heap_expand$2region                 0x08000495   Thumb Code     2  heapauxi.o(.text)
    __I$use$semihosting                      0x08000497   Thumb Code     0  use_no_semi.o(.text)
    __use_no_semihosting_swi                 0x08000497   Thumb Code     2  use_no_semi.o(.text)
    __aeabi_uldivmod                         0x08000499   Thumb Code     0  lludivv7m.o(.text)
    _ll_udiv                                 0x08000499   Thumb Code   238  lludivv7m.o(.text)
    __read_errno                             0x08000587   Thumb Code    10  _rserrno.o(.text)
    __set_errno                              0x08000591   Thumb Code    12  _rserrno.o(.text)
    _printf_int_common                       0x0800059d   Thumb Code   178  _printf_intcommon.o(.text)
    _printf_char_file                        0x08000651   Thumb Code    32  _printf_char_file.o(.text)
    __aeabi_memclr                           0x08000675   Thumb Code     0  rt_memclr.o(.text)
    __rt_memclr                              0x08000675   Thumb Code    68  rt_memclr.o(.text)
    _memset                                  0x08000679   Thumb Code     0  rt_memclr.o(.text)
    __aeabi_errno_addr                       0x080006b9   Thumb Code     8  rt_errno_addr_intlibspace.o(.text)
    __errno$intlibspace                      0x080006b9   Thumb Code     0  rt_errno_addr_intlibspace.o(.text)
    __rt_errno_addr$intlibspace              0x080006b9   Thumb Code     0  rt_errno_addr_intlibspace.o(.text)
    _printf_char_common                      0x080006cb   Thumb Code    32  _printf_char_common.o(.text)
    ferror                                   0x080006f1   Thumb Code     8  ferror.o(.text)
    __aeabi_memclr4                          0x080006f9   Thumb Code     0  rt_memclr_w.o(.text)
    __aeabi_memclr8                          0x080006f9   Thumb Code     0  rt_memclr_w.o(.text)
    __rt_memclr_w                            0x080006f9   Thumb Code    78  rt_memclr_w.o(.text)
    _memset_w                                0x080006fd   Thumb Code     0  rt_memclr_w.o(.text)
    __user_libspace                          0x08000749   Thumb Code     8  libspace.o(.text)
    __user_perproc_libspace                  0x08000749   Thumb Code     0  libspace.o(.text)
    __user_perthread_libspace                0x08000749   Thumb Code     0  libspace.o(.text)
    __user_setup_stackheap                   0x08000751   Thumb Code    74  sys_stackheap_outer.o(.text)
    exit                                     0x0800079b   Thumb Code    12  exit.o(.text)
    A1                                       0x080007a9   Thumb Code   130  motor.o(i.A1)
    A2                                       0x08000839   Thumb Code   130  motor.o(i.A2)
    B1                                       0x080008c9   Thumb Code   118  motor.o(i.B1)
    B2                                       0x0800094d   Thumb Code   124  motor.o(i.B2)
    Bluetooth_Mode                           0x080009d5   Thumb Code  1484  main.o(i.Bluetooth_Mode)
    BusFault_Handler                         0x08000fe9   Thumb Code     4  stm32f10x_it.o(i.BusFault_Handler)
    DebugMon_Handler                         0x08000fed   Thumb Code     2  stm32f10x_it.o(i.DebugMon_Handler)
    EXTI0_IRQHandler                         0x08000ff1   Thumb Code    44  exti.o(i.EXTI0_IRQHandler)
    EXTI15_10_IRQHandler                     0x08001025   Thumb Code   112  exti.o(i.EXTI15_10_IRQHandler)
    EXTI1_IRQHandler                         0x0800109d   Thumb Code    42  exti.o(i.EXTI1_IRQHandler)
    EXTI2_IRQHandler                         0x080010d1   Thumb Code    42  exti.o(i.EXTI2_IRQHandler)
    EXTI3_IRQHandler                         0x08001105   Thumb Code    44  exti.o(i.EXTI3_IRQHandler)
    EXTI4_IRQHandler                         0x08001139   Thumb Code    44  exti.o(i.EXTI4_IRQHandler)
    EXTI9_5_IRQHandler                       0x0800116d   Thumb Code    42  exti.o(i.EXTI9_5_IRQHandler)
    EXTIX_Init                               0x080011a1   Thumb Code   556  exti.o(i.EXTIX_Init)
    EXTI_ClearITPendingBit                   0x080013e1   Thumb Code     6  stm32f10x_exti.o(i.EXTI_ClearITPendingBit)
    EXTI_GetITStatus                         0x080013ed   Thumb Code    34  stm32f10x_exti.o(i.EXTI_GetITStatus)
    EXTI_Init                                0x08001415   Thumb Code   142  stm32f10x_exti.o(i.EXTI_Init)
    GPIO_EXTILineConfig                      0x080014a9   Thumb Code    60  stm32f10x_gpio.o(i.GPIO_EXTILineConfig)
    GPIO_Init                                0x080014e9   Thumb Code   278  stm32f10x_gpio.o(i.GPIO_Init)
    GPIO_PinRemapConfig                      0x08001601   Thumb Code   138  stm32f10x_gpio.o(i.GPIO_PinRemapConfig)
    GPIO_ReadInputDataBit                    0x08001691   Thumb Code    18  stm32f10x_gpio.o(i.GPIO_ReadInputDataBit)
    GPIO_ResetBits                           0x080016a3   Thumb Code     4  stm32f10x_gpio.o(i.GPIO_ResetBits)
    GPIO_SetBits                             0x080016a7   Thumb Code     4  stm32f10x_gpio.o(i.GPIO_SetBits)
    GS_Read_Byte                             0x08001931   Thumb Code    68  paj7620u2_iic.o(i.GS_Read_Byte)
    GS_Read_nByte                            0x08001975   Thumb Code    98  paj7620u2_iic.o(i.GS_Read_nByte)
    GS_WakeUp                                0x080019d7   Thumb Code    18  paj7620u2_iic.o(i.GS_WakeUp)
    GS_Write_Byte                            0x080019e9   Thumb Code    58  paj7620u2_iic.o(i.GS_Write_Byte)
    GS_i2c_init                              0x08001a25   Thumb Code    46  paj7620u2_iic.o(i.GS_i2c_init)
    Gestures_Mode                            0x08001a59   Thumb Code  1504  main.o(i.Gestures_Mode)
    HardFault_Handler                        0x08002081   Thumb Code     4  stm32f10x_it.o(i.HardFault_Handler)
    KEY_Init                                 0x08002085   Thumb Code    52  key.o(i.KEY_Init)
    KEY_Scan                                 0x080020c1   Thumb Code   150  key.o(i.KEY_Scan)
    LED_Init                                 0x08002165   Thumb Code    68  led.o(i.LED_Init)
    MPU6050_Calibration                      0x080021b1   Thumb Code   148  main.o(i.MPU6050_Calibration)
    MPU_Get_Gyroscope                        0x0800225d   Thumb Code    80  mpu6050.o(i.MPU_Get_Gyroscope)
    MPU_IIC_Ack                              0x080022ad   Thumb Code    62  mpuiic.o(i.MPU_IIC_Ack)
    MPU_IIC_Delay                            0x080022f9   Thumb Code    10  mpuiic.o(i.MPU_IIC_Delay)
    MPU_IIC_Init                             0x08002305   Thumb Code    50  mpuiic.o(i.MPU_IIC_Init)
    MPU_IIC_NAck                             0x0800233d   Thumb Code    62  mpuiic.o(i.MPU_IIC_NAck)
    MPU_IIC_Read_Byte                        0x08002389   Thumb Code    94  mpuiic.o(i.MPU_IIC_Read_Byte)
    MPU_IIC_Send_Byte                        0x080023f5   Thumb Code    80  mpuiic.o(i.MPU_IIC_Send_Byte)
    MPU_IIC_Start                            0x08002451   Thumb Code    60  mpuiic.o(i.MPU_IIC_Start)
    MPU_IIC_Stop                             0x08002499   Thumb Code    58  mpuiic.o(i.MPU_IIC_Stop)
    MPU_IIC_Wait_Ack                         0x080024e1   Thumb Code    86  mpuiic.o(i.MPU_IIC_Wait_Ack)
    MPU_Init                                 0x08002545   Thumb Code   180  mpu6050.o(i.MPU_Init)
    MPU_Read_Byte                            0x08002605   Thumb Code    58  mpu6050.o(i.MPU_Read_Byte)
    MPU_Read_Len                             0x0800263f   Thumb Code   116  mpu6050.o(i.MPU_Read_Len)
    MPU_Set_Accel_Fsr                        0x080026b3   Thumb Code    16  mpu6050.o(i.MPU_Set_Accel_Fsr)
    MPU_Set_Gyro_Fsr                         0x080026c3   Thumb Code    16  mpu6050.o(i.MPU_Set_Gyro_Fsr)
    MPU_Set_LPF                              0x080026d3   Thumb Code    58  mpu6050.o(i.MPU_Set_LPF)
    MPU_Set_Rate                             0x0800270d   Thumb Code    58  mpu6050.o(i.MPU_Set_Rate)
    MPU_Write_Byte                           0x08002747   Thumb Code    68  mpu6050.o(i.MPU_Write_Byte)
    MPU_Write_Len                            0x0800278b   Thumb Code    96  mpu6050.o(i.MPU_Write_Len)
    MemManage_Handler                        0x080027eb   Thumb Code     4  stm32f10x_it.o(i.MemManage_Handler)
    Motor_Init                               0x080027f1   Thumb Code    78  motor.o(i.Motor_Init)
    NMI_Handler                              0x08002849   Thumb Code     2  stm32f10x_it.o(i.NMI_Handler)
    NVIC_Init                                0x0800284d   Thumb Code   100  misc.o(i.NVIC_Init)
    NVIC_PriorityGroupConfig                 0x080028bd   Thumb Code    10  misc.o(i.NVIC_PriorityGroupConfig)
    PendSV_Handler                           0x080028d1   Thumb Code     2  stm32f10x_it.o(i.PendSV_Handler)
    RCC_APB1PeriphClockCmd                   0x080028d5   Thumb Code    26  stm32f10x_rcc.o(i.RCC_APB1PeriphClockCmd)
    RCC_APB2PeriphClockCmd                   0x080028f5   Thumb Code    26  stm32f10x_rcc.o(i.RCC_APB2PeriphClockCmd)
    RCC_GetClocksFreq                        0x08002915   Thumb Code   192  stm32f10x_rcc.o(i.RCC_GetClocksFreq)
    Remote_Init                              0x080029e9   Thumb Code   180  remote.o(i.Remote_Init)
    Remote_Mode                              0x08002aa5   Thumb Code  1704  main.o(i.Remote_Mode)
    Remote_Scan                              0x080031ad   Thumb Code    92  remote.o(i.Remote_Scan)
    SVC_Handler                              0x08003215   Thumb Code     2  stm32f10x_it.o(i.SVC_Handler)
    SysTick_CLKSourceConfig                  0x08003301   Thumb Code    40  misc.o(i.SysTick_CLKSourceConfig)
    SysTick_Handler                          0x08003329   Thumb Code     2  stm32f10x_it.o(i.SysTick_Handler)
    SystemInit                               0x0800332d   Thumb Code    78  system_stm32f10x.o(i.SystemInit)
    TIM2_IRQHandler                          0x080035cd   Thumb Code   314  timer.o(i.TIM2_IRQHandler)
    TIM2_Int_Init                            0x0800374d   Thumb Code    92  timer.o(i.TIM2_Int_Init)
    TIM3_PWM_Init                            0x080037a9   Thumb Code   282  timer.o(i.TIM3_PWM_Init)
    TIM4_IRQHandler                          0x080038d1   Thumb Code   384  remote.o(i.TIM4_IRQHandler)
    TIM_ClearITPendingBit                    0x08003a69   Thumb Code     6  stm32f10x_tim.o(i.TIM_ClearITPendingBit)
    TIM_Cmd                                  0x08003a6f   Thumb Code    24  stm32f10x_tim.o(i.TIM_Cmd)
    TIM_GetCapture4                          0x08003a87   Thumb Code     8  stm32f10x_tim.o(i.TIM_GetCapture4)
    TIM_GetITStatus                          0x08003a8f   Thumb Code    34  stm32f10x_tim.o(i.TIM_GetITStatus)
    TIM_ICInit                               0x08003ab1   Thumb Code   150  stm32f10x_tim.o(i.TIM_ICInit)
    TIM_ITConfig                             0x08003b5d   Thumb Code    18  stm32f10x_tim.o(i.TIM_ITConfig)
    TIM_OC1Init                              0x08003b71   Thumb Code   132  stm32f10x_tim.o(i.TIM_OC1Init)
    TIM_OC1PreloadConfig                     0x08003c09   Thumb Code    18  stm32f10x_tim.o(i.TIM_OC1PreloadConfig)
    TIM_OC2Init                              0x08003c1d   Thumb Code   154  stm32f10x_tim.o(i.TIM_OC2Init)
    TIM_OC2PreloadConfig                     0x08003cc1   Thumb Code    26  stm32f10x_tim.o(i.TIM_OC2PreloadConfig)
    TIM_OC3Init                              0x08003cdd   Thumb Code   150  stm32f10x_tim.o(i.TIM_OC3Init)
    TIM_OC3PreloadConfig                     0x08003d7d   Thumb Code    18  stm32f10x_tim.o(i.TIM_OC3PreloadConfig)
    TIM_OC4Init                              0x08003d91   Thumb Code   114  stm32f10x_tim.o(i.TIM_OC4Init)
    TIM_OC4PolarityConfig                    0x08003e0d   Thumb Code    26  stm32f10x_tim.o(i.TIM_OC4PolarityConfig)
    TIM_OC4PreloadConfig                     0x08003e27   Thumb Code    26  stm32f10x_tim.o(i.TIM_OC4PreloadConfig)
    TIM_SetCompare1                          0x08003e41   Thumb Code     4  stm32f10x_tim.o(i.TIM_SetCompare1)
    TIM_SetCompare2                          0x08003e45   Thumb Code     4  stm32f10x_tim.o(i.TIM_SetCompare2)
    TIM_SetCompare3                          0x08003e49   Thumb Code     4  stm32f10x_tim.o(i.TIM_SetCompare3)
    TIM_SetCompare4                          0x08003e4d   Thumb Code     6  stm32f10x_tim.o(i.TIM_SetCompare4)
    TIM_SetCounter                           0x08003e53   Thumb Code     4  stm32f10x_tim.o(i.TIM_SetCounter)
    TIM_SetIC1Prescaler                      0x08003e57   Thumb Code    18  stm32f10x_tim.o(i.TIM_SetIC1Prescaler)
    TIM_SetIC2Prescaler                      0x08003e69   Thumb Code    26  stm32f10x_tim.o(i.TIM_SetIC2Prescaler)
    TIM_SetIC3Prescaler                      0x08003e83   Thumb Code    18  stm32f10x_tim.o(i.TIM_SetIC3Prescaler)
    TIM_SetIC4Prescaler                      0x08003e95   Thumb Code    26  stm32f10x_tim.o(i.TIM_SetIC4Prescaler)
    TIM_TimeBaseInit                         0x08003eb1   Thumb Code   122  stm32f10x_tim.o(i.TIM_TimeBaseInit)
    USART2_IRQHandler                        0x08003f55   Thumb Code   230  usart.o(i.USART2_IRQHandler)
    USART_Cmd                                0x08004061   Thumb Code    24  stm32f10x_usart.o(i.USART_Cmd)
    USART_GetITStatus                        0x08004079   Thumb Code    84  stm32f10x_usart.o(i.USART_GetITStatus)
    USART_ITConfig                           0x080040cd   Thumb Code    74  stm32f10x_usart.o(i.USART_ITConfig)
    USART_Init                               0x08004119   Thumb Code   210  stm32f10x_usart.o(i.USART_Init)
    USART_ReceiveData                        0x080041f1   Thumb Code    10  stm32f10x_usart.o(i.USART_ReceiveData)
    UsageFault_Handler                       0x080041fb   Thumb Code     4  stm32f10x_it.o(i.UsageFault_Handler)
    __ARM_fpclassify                         0x080041ff   Thumb Code    40  fpclassify.o(i.__ARM_fpclassify)
    __kernel_poly                            0x08004227   Thumb Code   170  poly.o(i.__kernel_poly)
    __mathlib_dbl_infnan                     0x080042d1   Thumb Code     6  dunder.o(i.__mathlib_dbl_infnan)
    __mathlib_dbl_infnan2                    0x080042d7   Thumb Code     4  dunder.o(i.__mathlib_dbl_infnan2)
    __mathlib_dbl_invalid                    0x080042db   Thumb Code    12  dunder.o(i.__mathlib_dbl_invalid)
    __mathlib_dbl_underflow                  0x080042e9   Thumb Code    10  dunder.o(i.__mathlib_dbl_underflow)
    _is_digit                                0x080042f9   Thumb Code    14  __printf_wp.o(i._is_digit)
    _sys_exit                                0x08004307   Thumb Code     6  usart.o(i._sys_exit)
    asin                                     0x080043b5   Thumb Code   572  asin.o(i.asin)
    atan                                     0x08004625   Thumb Code   474  atan.o(i.atan)
    atan2                                    0x08004845   Thumb Code   346  atan2.o(i.atan2)
    delay_init                               0x08004a29   Thumb Code    50  delay.o(i.delay_init)
    delay_ms                                 0x08004a6d   Thumb Code    72  delay.o(i.delay_ms)
    delay_us                                 0x08004ab9   Thumb Code    72  delay.o(i.delay_us)
    dmp_enable_6x_lp_quat                    0x08004b05   Thumb Code    60  inv_mpu_dmp_motion_driver.o(i.dmp_enable_6x_lp_quat)
    dmp_enable_feature                       0x08004b41   Thumb Code   530  inv_mpu_dmp_motion_driver.o(i.dmp_enable_feature)
    dmp_enable_gyro_cal                      0x08004d5d   Thumb Code    62  inv_mpu_dmp_motion_driver.o(i.dmp_enable_gyro_cal)
    dmp_enable_lp_quat                       0x08004db5   Thumb Code    60  inv_mpu_dmp_motion_driver.o(i.dmp_enable_lp_quat)
    dmp_load_motion_driver_firmware          0x08004df1   Thumb Code    20  inv_mpu_dmp_motion_driver.o(i.dmp_load_motion_driver_firmware)
    dmp_read_fifo                            0x08004e09   Thumb Code   456  inv_mpu_dmp_motion_driver.o(i.dmp_read_fifo)
    dmp_set_accel_bias                       0x08004fd5   Thumb Code   300  inv_mpu_dmp_motion_driver.o(i.dmp_set_accel_bias)
    dmp_set_fifo_rate                        0x08005105   Thumb Code    96  inv_mpu_dmp_motion_driver.o(i.dmp_set_fifo_rate)
    dmp_set_gyro_bias                        0x08005175   Thumb Code   294  inv_mpu_dmp_motion_driver.o(i.dmp_set_gyro_bias)
    dmp_set_orientation                      0x080052a5   Thumb Code   290  inv_mpu_dmp_motion_driver.o(i.dmp_set_orientation)
    dmp_set_shake_reject_thresh              0x080053dd   Thumb Code    56  inv_mpu_dmp_motion_driver.o(i.dmp_set_shake_reject_thresh)
    dmp_set_shake_reject_time                0x08005415   Thumb Code    38  inv_mpu_dmp_motion_driver.o(i.dmp_set_shake_reject_time)
    dmp_set_shake_reject_timeout             0x0800543b   Thumb Code    38  inv_mpu_dmp_motion_driver.o(i.dmp_set_shake_reject_timeout)
    dmp_set_tap_axes                         0x08005461   Thumb Code    70  inv_mpu_dmp_motion_driver.o(i.dmp_set_tap_axes)
    dmp_set_tap_count                        0x080054a7   Thumb Code    38  inv_mpu_dmp_motion_driver.o(i.dmp_set_tap_count)
    dmp_set_tap_thresh                       0x080054cd   Thumb Code   396  inv_mpu_dmp_motion_driver.o(i.dmp_set_tap_thresh)
    dmp_set_tap_time                         0x0800566d   Thumb Code    38  inv_mpu_dmp_motion_driver.o(i.dmp_set_tap_time)
    dmp_set_tap_time_multi                   0x08005693   Thumb Code    38  inv_mpu_dmp_motion_driver.o(i.dmp_set_tap_time_multi)
    fputc                                    0x080056b9   Thumb Code    24  usart.o(i.fputc)
    gesture_recognition                      0x080056d5   Thumb Code   474  paj7620u2.o(i.gesture_recognition)
    inv_orientation_matrix_to_scalar         0x08005f09   Thumb Code    40  inv_mpu.o(i.inv_orientation_matrix_to_scalar)
    inv_row_2_scale                          0x08005f31   Thumb Code    78  inv_mpu.o(i.inv_row_2_scale)
    main                                     0x08005f81   Thumb Code   172  main.o(i.main)
    mget_ms                                  0x08006039   Thumb Code     2  inv_mpu.o(i.mget_ms)
    mpu_configure_fifo                       0x0800603d   Thumb Code   106  inv_mpu.o(i.mpu_configure_fifo)
    mpu_dmp_get_data                         0x080060ad   Thumb Code   544  inv_mpu.o(i.mpu_dmp_get_data)
    mpu_dmp_init                             0x080062d1   Thumb Code   154  inv_mpu.o(i.mpu_dmp_init)
    mpu_get_accel_fsr                        0x08006371   Thumb Code    72  inv_mpu.o(i.mpu_get_accel_fsr)
    mpu_get_accel_sens                       0x080063bd   Thumb Code    78  inv_mpu.o(i.mpu_get_accel_sens)
    mpu_get_fifo_config                      0x08006411   Thumb Code    12  inv_mpu.o(i.mpu_get_fifo_config)
    mpu_get_gyro_fsr                         0x08006421   Thumb Code    64  inv_mpu.o(i.mpu_get_gyro_fsr)
    mpu_get_gyro_sens                        0x08006465   Thumb Code    58  inv_mpu.o(i.mpu_get_gyro_sens)
    mpu_get_lpf                              0x080064b5   Thumb Code    74  inv_mpu.o(i.mpu_get_lpf)
    mpu_get_sample_rate                      0x08006505   Thumb Code    26  inv_mpu.o(i.mpu_get_sample_rate)
    mpu_init                                 0x08006525   Thumb Code   416  inv_mpu.o(i.mpu_init)
    mpu_load_firmware                        0x08006715   Thumb Code   180  inv_mpu.o(i.mpu_load_firmware)
    mpu_lp_accel_mode                        0x080067cd   Thumb Code   218  inv_mpu.o(i.mpu_lp_accel_mode)
    mpu_read_fifo_stream                     0x080068ad   Thumb Code   186  inv_mpu.o(i.mpu_read_fifo_stream)
    mpu_read_mem                             0x0800696d   Thumb Code   122  inv_mpu.o(i.mpu_read_mem)
    mpu_reset_fifo                           0x080069ed   Thumb Code   450  inv_mpu.o(i.mpu_reset_fifo)
    mpu_run_self_test                        0x08006bb5   Thumb Code   278  inv_mpu.o(i.mpu_run_self_test)
    mpu_set_accel_fsr                        0x08006cd1   Thumb Code   126  inv_mpu.o(i.mpu_set_accel_fsr)
    mpu_set_bypass                           0x08006d55   Thumb Code   328  inv_mpu.o(i.mpu_set_bypass)
    mpu_set_dmp_state                        0x08006ea1   Thumb Code   138  inv_mpu.o(i.mpu_set_dmp_state)
    mpu_set_gyro_fsr                         0x08006f31   Thumb Code   132  inv_mpu.o(i.mpu_set_gyro_fsr)
    mpu_set_int_latched                      0x08006fb9   Thumb Code   102  inv_mpu.o(i.mpu_set_int_latched)
    mpu_set_lpf                              0x08007025   Thumb Code   126  inv_mpu.o(i.mpu_set_lpf)
    mpu_set_sample_rate                      0x080070a9   Thumb Code   152  inv_mpu.o(i.mpu_set_sample_rate)
    mpu_set_sensors                          0x08007145   Thumb Code   202  inv_mpu.o(i.mpu_set_sensors)
    mpu_write_mem                            0x08007215   Thumb Code   122  inv_mpu.o(i.mpu_write_mem)
    paj7620u2_init                           0x08007295   Thumb Code    64  paj7620u2.o(i.paj7620u2_init)
    paj7620u2_ready                          0x080072d9   Thumb Code    46  paj7620u2.o(i.paj7620u2_ready)
    paj7620u2_selectBank                     0x0800730d   Thumb Code    36  paj7620u2.o(i.paj7620u2_selectBank)
    paj7620u2_wakeup                         0x08007331   Thumb Code    50  paj7620u2.o(i.paj7620u2_wakeup)
    run_self_test                            0x08007363   Thumb Code   148  inv_mpu.o(i.run_self_test)
    sqrt                                     0x08007489   Thumb Code    76  sqrt.o(i.sqrt)
    uart_init                                0x080074d5   Thumb Code   130  usart.o(i.uart_init)
    __aeabi_d2f                              0x08007561   Thumb Code     0  d2f.o(x$fpl$d2f)
    _d2f                                     0x08007561   Thumb Code    98  d2f.o(x$fpl$d2f)
    __aeabi_dadd                             0x080075c5   Thumb Code     0  daddsub_clz.o(x$fpl$dadd)
    _dadd                                    0x080075c5   Thumb Code   332  daddsub_clz.o(x$fpl$dadd)
    __fpl_dcheck_NaN1                        0x08007715   Thumb Code    10  dcheck1.o(x$fpl$dcheck1)
    __aeabi_ddiv                             0x08007725   Thumb Code     0  ddiv.o(x$fpl$ddiv)
    _ddiv                                    0x08007725   Thumb Code   552  ddiv.o(x$fpl$ddiv)
    __aeabi_d2iz                             0x080079d5   Thumb Code     0  dfix.o(x$fpl$dfix)
    _dfix                                    0x080079d5   Thumb Code    94  dfix.o(x$fpl$dfix)
    __aeabi_i2d                              0x08007a33   Thumb Code     0  dflt_clz.o(x$fpl$dflt)
    _dflt                                    0x08007a33   Thumb Code    46  dflt_clz.o(x$fpl$dflt)
    __aeabi_dmul                             0x08007a61   Thumb Code     0  dmul.o(x$fpl$dmul)
    _dmul                                    0x08007a61   Thumb Code   332  dmul.o(x$fpl$dmul)
    __fpl_dnaninf                            0x08007bb5   Thumb Code   156  dnaninf.o(x$fpl$dnaninf)
    __fpl_dretinf                            0x08007c51   Thumb Code    12  dretinf.o(x$fpl$dretinf)
    __aeabi_drsub                            0x08007c5d   Thumb Code     0  daddsub_clz.o(x$fpl$drsb)
    _drsb                                    0x08007c5d   Thumb Code    22  daddsub_clz.o(x$fpl$drsb)
    _dsqrt                                   0x08007c75   Thumb Code   456  dsqrt_noumaal.o(x$fpl$dsqrt)
    __aeabi_dsub                             0x08007e41   Thumb Code     0  daddsub_clz.o(x$fpl$dsub)
    _dsub                                    0x08007e41   Thumb Code   464  daddsub_clz.o(x$fpl$dsub)
    __aeabi_f2d                              0x08008015   Thumb Code     0  f2d.o(x$fpl$f2d)
    _f2d                                     0x08008015   Thumb Code    86  f2d.o(x$fpl$f2d)
    __aeabi_fadd                             0x0800806d   Thumb Code     0  faddsub_clz.o(x$fpl$fadd)
    _fadd                                    0x0800806d   Thumb Code   196  faddsub_clz.o(x$fpl$fadd)
    __fpl_fcmp_Inf                           0x08008131   Thumb Code    24  fcmpi.o(x$fpl$fcmpinf)
    __aeabi_fdiv                             0x08008149   Thumb Code     0  fdiv.o(x$fpl$fdiv)
    _fdiv                                    0x08008149   Thumb Code   384  fdiv.o(x$fpl$fdiv)
    __aeabi_cfcmpeq                          0x080082cd   Thumb Code     0  feqf.o(x$fpl$feqf)
    _fcmpeq                                  0x080082cd   Thumb Code   104  feqf.o(x$fpl$feqf)
    __aeabi_f2iz                             0x08008335   Thumb Code     0  ffix.o(x$fpl$ffix)
    _ffix                                    0x08008335   Thumb Code    54  ffix.o(x$fpl$ffix)
    __aeabi_f2uiz                            0x0800836d   Thumb Code     0  ffixu.o(x$fpl$ffixu)
    _ffixu                                   0x0800836d   Thumb Code    62  ffixu.o(x$fpl$ffixu)
    __aeabi_i2f                              0x080083ad   Thumb Code     0  fflt_clz.o(x$fpl$fflt)
    _fflt                                    0x080083ad   Thumb Code    48  fflt_clz.o(x$fpl$fflt)
    __aeabi_ui2f                             0x080083dd   Thumb Code     0  fflt_clz.o(x$fpl$ffltu)
    _ffltu                                   0x080083dd   Thumb Code    38  fflt_clz.o(x$fpl$ffltu)
    __aeabi_cfcmple                          0x08008405   Thumb Code     0  fleqf.o(x$fpl$fleqf)
    _fcmple                                  0x08008405   Thumb Code   104  fleqf.o(x$fpl$fleqf)
    __fpl_fcmple_InfNaN                      0x08008457   Thumb Code     0  fleqf.o(x$fpl$fleqf)
    __aeabi_fmul                             0x0800846d   Thumb Code     0  fmul.o(x$fpl$fmul)
    _fmul                                    0x0800846d   Thumb Code   258  fmul.o(x$fpl$fmul)
    __fpl_fnaninf                            0x0800856f   Thumb Code   140  fnaninf.o(x$fpl$fnaninf)
    __fpl_fretinf                            0x080085fb   Thumb Code    10  fretinf.o(x$fpl$fretinf)
    __aeabi_cfrcmple                         0x08008605   Thumb Code     0  frleqf.o(x$fpl$frleqf)
    _frcmple                                 0x08008605   Thumb Code    98  frleqf.o(x$fpl$frleqf)
    __aeabi_fsub                             0x08008669   Thumb Code     0  faddsub_clz.o(x$fpl$fsub)
    _fsub                                    0x08008669   Thumb Code   234  faddsub_clz.o(x$fpl$fsub)
    __fpl_return_NaN                         0x08008753   Thumb Code   100  retnan.o(x$fpl$retnan)
    __ARM_scalbn                             0x080087b7   Thumb Code    92  scalbn.o(x$fpl$scalbn)
    __fpl_cmpreturn                          0x08008813   Thumb Code    48  trapv.o(x$fpl$trapveneer)
    __I$use$fp                               0x08008842   Number         0  usenofp.o(x$fpl$usenofp)
    reg                                      0x08008844   Data          27  inv_mpu.o(.constdata)
    hw                                       0x08008860   Data          12  inv_mpu.o(.constdata)
    test                                     0x0800886c   Data          40  inv_mpu.o(.constdata)
    init_Array                               0x0800948a   Data         102  paj7620u2.o(.constdata)
    proximity_arry                           0x080094f0   Data          70  paj7620u2.o(.constdata)
    gesture_arry                             0x08009536   Data          60  paj7620u2.o(.constdata)
    __mathlib_zero                           0x08009670   Data           8  qnan.o(.constdata)
    Region$$Table$$Base                      0x080096c8   Number         0  anon$$obj.o(Region$$Table)
    Region$$Table$$Limit                     0x080096e8   Number         0  anon$$obj.o(Region$$Table)
    pitch                                    0x20000000   Data           4  main.o(.data)
    roll                                     0x20000004   Data           4  main.o(.data)
    yaw                                      0x20000008   Data           4  main.o(.data)
    gyrox                                    0x2000000c   Data           2  main.o(.data)
    gyroy                                    0x2000000e   Data           2  main.o(.data)
    gyroz                                    0x20000010   Data           2  main.o(.data)
    jzgx                                     0x20000012   Data           2  main.o(.data)
    jzgy                                     0x20000014   Data           2  main.o(.data)
    jzgz                                     0x20000016   Data           2  main.o(.data)
    na1                                      0x20000018   Data           4  main.o(.data)
    na2                                      0x2000001c   Data           4  main.o(.data)
    nb1                                      0x20000020   Data           4  main.o(.data)
    nb2                                      0x20000024   Data           4  main.o(.data)
    vx                                       0x20000028   Data           4  main.o(.data)
    vy                                       0x2000002c   Data           4  main.o(.data)
    jx                                       0x20000030   Data           4  main.o(.data)
    jy                                       0x20000034   Data           4  main.o(.data)
    jz                                       0x20000038   Data           4  main.o(.data)
    qw_jx                                    0x2000003c   Data           4  main.o(.data)
    qw_jy                                    0x20000040   Data           4  main.o(.data)
    qw_jz                                    0x20000044   Data           4  main.o(.data)
    e_jx                                     0x20000048   Data           4  main.o(.data)
    e_jy                                     0x2000004c   Data           4  main.o(.data)
    e_jz                                     0x20000050   Data           4  main.o(.data)
    k                                        0x20000054   Data           4  main.o(.data)
    qw_vx                                    0x20000058   Data           4  main.o(.data)
    qw_vy                                    0x2000005c   Data           4  main.o(.data)
    e_vx                                     0x20000060   Data           4  main.o(.data)
    e_vy                                     0x20000064   Data           4  main.o(.data)
    ei_vx                                    0x20000068   Data           4  main.o(.data)
    ei_vy                                    0x2000006c   Data           4  main.o(.data)
    speed_y                                  0x20000070   Data           4  main.o(.data)
    speed_x                                  0x20000074   Data           4  main.o(.data)
    speed_z                                  0x20000078   Data           4  main.o(.data)
    PWMA1                                    0x2000007c   Data           4  main.o(.data)
    PWMA2                                    0x20000080   Data           4  main.o(.data)
    PWMB1                                    0x20000084   Data           4  main.o(.data)
    PWMB2                                    0x20000088   Data           4  main.o(.data)
    SystemCoreClock                          0x2000008c   Data           4  system_stm32f10x.o(.data)
    AHBPrescTable                            0x20000090   Data          16  system_stm32f10x.o(.data)
    RmtSta                                   0x200000dc   Data           1  remote.o(.data)
    Dval                                     0x200000de   Data           2  remote.o(.data)
    RmtRec                                   0x200000e0   Data           4  remote.o(.data)
    RmtCnt                                   0x200000e4   Data           1  remote.o(.data)
    __stdout                                 0x200000ec   Data           4  usart.o(.data)
    __libspace_start                         0x20000114   Data          96  libspace.o(.bss)
    __temporary_stack_top$libspace           0x20000174   Data           0  libspace.o(.bss)



==============================================================================

Memory Map of the image

  Image Entry point : 0x08000131

  Load Region LR_IROM1 (Base: 0x08000000, Size: 0x000097ec, Max: 0x00080000, ABSOLUTE)

    Execution Region ER_IROM1 (Base: 0x08000000, Size: 0x000096e8, Max: 0x00080000, ABSOLUTE)

    Base Addr    Size         Type   Attr      Idx    E Section Name        Object

    0x08000000   0x00000130   Data   RO         1364    RESET               startup_stm32f10x_hd.o
    0x08000130   0x00000008   Code   RO         2687  * !!!main             c_w.l(__main.o)
    0x08000138   0x00000034   Code   RO         3015    !!!scatter          c_w.l(__scatter.o)
    0x0800016c   0x0000001a   Code   RO         3017    !!handler_copy      c_w.l(__scatter_copy.o)
    0x08000186   0x00000002   PAD
    0x08000188   0x0000001c   Code   RO         3019    !!handler_zi        c_w.l(__scatter_zi.o)
    0x080001a4   0x00000000   Code   RO         2680    .ARM.Collect$$_printf_percent$$00000000  c_w.l(_printf_percent.o)
    0x080001a4   0x00000006   Code   RO         2679    .ARM.Collect$$_printf_percent$$00000009  c_w.l(_printf_d.o)
    0x080001aa   0x00000004   Code   RO         2776    .ARM.Collect$$_printf_percent$$00000017  c_w.l(_printf_percent_end.o)
    0x080001ae   0x00000002   Code   RO         2883    .ARM.Collect$$libinit$$00000000  c_w.l(libinit.o)
    0x080001b0   0x00000000   Code   RO         2895    .ARM.Collect$$libinit$$00000002  c_w.l(libinit2.o)
    0x080001b0   0x00000000   Code   RO         2897    .ARM.Collect$$libinit$$00000004  c_w.l(libinit2.o)
    0x080001b0   0x00000000   Code   RO         2900    .ARM.Collect$$libinit$$0000000A  c_w.l(libinit2.o)
    0x080001b0   0x00000000   Code   RO         2902    .ARM.Collect$$libinit$$0000000C  c_w.l(libinit2.o)
    0x080001b0   0x00000000   Code   RO         2904    .ARM.Collect$$libinit$$0000000E  c_w.l(libinit2.o)
    0x080001b0   0x00000000   Code   RO         2907    .ARM.Collect$$libinit$$00000011  c_w.l(libinit2.o)
    0x080001b0   0x00000000   Code   RO         2909    .ARM.Collect$$libinit$$00000013  c_w.l(libinit2.o)
    0x080001b0   0x00000000   Code   RO         2911    .ARM.Collect$$libinit$$00000015  c_w.l(libinit2.o)
    0x080001b0   0x00000000   Code   RO         2913    .ARM.Collect$$libinit$$00000017  c_w.l(libinit2.o)
    0x080001b0   0x00000000   Code   RO         2915    .ARM.Collect$$libinit$$00000019  c_w.l(libinit2.o)
    0x080001b0   0x00000000   Code   RO         2917    .ARM.Collect$$libinit$$0000001B  c_w.l(libinit2.o)
    0x080001b0   0x00000000   Code   RO         2919    .ARM.Collect$$libinit$$0000001D  c_w.l(libinit2.o)
    0x080001b0   0x00000000   Code   RO         2921    .ARM.Collect$$libinit$$0000001F  c_w.l(libinit2.o)
    0x080001b0   0x00000000   Code   RO         2923    .ARM.Collect$$libinit$$00000021  c_w.l(libinit2.o)
    0x080001b0   0x00000000   Code   RO         2925    .ARM.Collect$$libinit$$00000023  c_w.l(libinit2.o)
    0x080001b0   0x00000000   Code   RO         2927    .ARM.Collect$$libinit$$00000025  c_w.l(libinit2.o)
    0x080001b0   0x00000000   Code   RO         2931    .ARM.Collect$$libinit$$0000002C  c_w.l(libinit2.o)
    0x080001b0   0x00000000   Code   RO         2933    .ARM.Collect$$libinit$$0000002E  c_w.l(libinit2.o)
    0x080001b0   0x00000000   Code   RO         2935    .ARM.Collect$$libinit$$00000030  c_w.l(libinit2.o)
    0x080001b0   0x00000000   Code   RO         2937    .ARM.Collect$$libinit$$00000032  c_w.l(libinit2.o)
    0x080001b0   0x00000002   Code   RO         2938    .ARM.Collect$$libinit$$00000033  c_w.l(libinit2.o)
    0x080001b2   0x00000002   Code   RO         2968    .ARM.Collect$$libshutdown$$00000000  c_w.l(libshutdown.o)
    0x080001b4   0x00000000   Code   RO         2983    .ARM.Collect$$libshutdown$$00000003  c_w.l(libshutdown2.o)
    0x080001b4   0x00000000   Code   RO         2986    .ARM.Collect$$libshutdown$$00000006  c_w.l(libshutdown2.o)
    0x080001b4   0x00000000   Code   RO         2989    .ARM.Collect$$libshutdown$$00000009  c_w.l(libshutdown2.o)
    0x080001b4   0x00000000   Code   RO         2991    .ARM.Collect$$libshutdown$$0000000B  c_w.l(libshutdown2.o)
    0x080001b4   0x00000000   Code   RO         2994    .ARM.Collect$$libshutdown$$0000000E  c_w.l(libshutdown2.o)
    0x080001b4   0x00000002   Code   RO         2995    .ARM.Collect$$libshutdown$$0000000F  c_w.l(libshutdown2.o)
    0x080001b6   0x00000000   Code   RO         2767    .ARM.Collect$$rtentry$$00000000  c_w.l(__rtentry.o)
    0x080001b6   0x00000000   Code   RO         2830    .ARM.Collect$$rtentry$$00000002  c_w.l(__rtentry2.o)
    0x080001b6   0x00000006   Code   RO         2842    .ARM.Collect$$rtentry$$00000004  c_w.l(__rtentry4.o)
    0x080001bc   0x00000000   Code   RO         2832    .ARM.Collect$$rtentry$$00000009  c_w.l(__rtentry2.o)
    0x080001bc   0x00000004   Code   RO         2833    .ARM.Collect$$rtentry$$0000000A  c_w.l(__rtentry2.o)
    0x080001c0   0x00000000   Code   RO         2835    .ARM.Collect$$rtentry$$0000000C  c_w.l(__rtentry2.o)
    0x080001c0   0x00000008   Code   RO         2836    .ARM.Collect$$rtentry$$0000000D  c_w.l(__rtentry2.o)
    0x080001c8   0x00000002   Code   RO         2888    .ARM.Collect$$rtexit$$00000000  c_w.l(rtexit.o)
    0x080001ca   0x00000000   Code   RO         2942    .ARM.Collect$$rtexit$$00000002  c_w.l(rtexit2.o)
    0x080001ca   0x00000004   Code   RO         2943    .ARM.Collect$$rtexit$$00000003  c_w.l(rtexit2.o)
    0x080001ce   0x00000006   Code   RO         2944    .ARM.Collect$$rtexit$$00000004  c_w.l(rtexit2.o)
    0x080001d4   0x00000040   Code   RO         1365    .text               startup_stm32f10x_hd.o
    0x08000214   0x00000002   Code   RO         2623    .text               c_w.l(use_no_semi_2.o)
    0x08000216   0x00000048   Code   RO         2625    .text               c_w.l(llsdiv.o)
    0x0800025e   0x00000002   PAD
    0x08000260   0x00000018   Code   RO         2629    .text               c_w.l(noretval__2printf.o)
    0x08000278   0x00000078   Code   RO         2635    .text               c_w.l(_printf_dec.o)
    0x080002f0   0x00000138   Code   RO         2670    .text               c_w.l(__printf_flags_wp.o)
    0x08000428   0x00000058   Code   RO         2681    .text               c_w.l(memcmp.o)
    0x08000480   0x00000010   Code   RO         2683    .text               c_w.l(aeabi_memset.o)
    0x08000490   0x00000006   Code   RO         2685    .text               c_w.l(heapauxi.o)
    0x08000496   0x00000002   Code   RO         2765    .text               c_w.l(use_no_semi.o)
    0x08000498   0x000000ee   Code   RO         2768    .text               c_w.l(lludivv7m.o)
    0x08000586   0x00000016   Code   RO         2770    .text               c_w.l(_rserrno.o)
    0x0800059c   0x000000b2   Code   RO         2772    .text               c_w.l(_printf_intcommon.o)
    0x0800064e   0x00000002   PAD
    0x08000650   0x00000024   Code   RO         2774    .text               c_w.l(_printf_char_file.o)
    0x08000674   0x00000044   Code   RO         2777    .text               c_w.l(rt_memclr.o)
    0x080006b8   0x00000008   Code   RO         2851    .text               c_w.l(rt_errno_addr_intlibspace.o)
    0x080006c0   0x00000030   Code   RO         2853    .text               c_w.l(_printf_char_common.o)
    0x080006f0   0x00000008   Code   RO         2855    .text               c_w.l(ferror.o)
    0x080006f8   0x0000004e   Code   RO         2859    .text               c_w.l(rt_memclr_w.o)
    0x08000746   0x00000002   PAD
    0x08000748   0x00000008   Code   RO         2867    .text               c_w.l(libspace.o)
    0x08000750   0x0000004a   Code   RO         2870    .text               c_w.l(sys_stackheap_outer.o)
    0x0800079a   0x0000000c   Code   RO         2876    .text               c_w.l(exit.o)
    0x080007a6   0x00000002   PAD
    0x080007a8   0x00000090   Code   RO          991    i.A1                motor.o
    0x08000838   0x00000090   Code   RO          992    i.A2                motor.o
    0x080008c8   0x00000084   Code   RO          993    i.B1                motor.o
    0x0800094c   0x00000088   Code   RO          994    i.B2                motor.o
    0x080009d4   0x00000614   Code   RO            1    i.Bluetooth_Mode    main.o
    0x08000fe8   0x00000004   Code   RO          178    i.BusFault_Handler  stm32f10x_it.o
    0x08000fec   0x00000002   Code   RO          179    i.DebugMon_Handler  stm32f10x_it.o
    0x08000fee   0x00000002   PAD
    0x08000ff0   0x00000034   Code   RO         1031    i.EXTI0_IRQHandler  exti.o
    0x08001024   0x00000078   Code   RO         1032    i.EXTI15_10_IRQHandler  exti.o
    0x0800109c   0x00000034   Code   RO         1033    i.EXTI1_IRQHandler  exti.o
    0x080010d0   0x00000034   Code   RO         1034    i.EXTI2_IRQHandler  exti.o
    0x08001104   0x00000034   Code   RO         1035    i.EXTI3_IRQHandler  exti.o
    0x08001138   0x00000034   Code   RO         1036    i.EXTI4_IRQHandler  exti.o
    0x0800116c   0x00000034   Code   RO         1037    i.EXTI9_5_IRQHandler  exti.o
    0x080011a0   0x00000240   Code   RO         1038    i.EXTIX_Init        exti.o
    0x080013e0   0x0000000c   Code   RO         2568    i.EXTI_ClearITPendingBit  stm32f10x_exti.o
    0x080013ec   0x00000028   Code   RO         2572    i.EXTI_GetITStatus  stm32f10x_exti.o
    0x08001414   0x00000094   Code   RO         2573    i.EXTI_Init         stm32f10x_exti.o
    0x080014a8   0x00000040   Code   RO         1528    i.GPIO_EXTILineConfig  stm32f10x_gpio.o
    0x080014e8   0x00000116   Code   RO         1531    i.GPIO_Init         stm32f10x_gpio.o
    0x080015fe   0x00000002   PAD
    0x08001600   0x00000090   Code   RO         1533    i.GPIO_PinRemapConfig  stm32f10x_gpio.o
    0x08001690   0x00000012   Code   RO         1535    i.GPIO_ReadInputDataBit  stm32f10x_gpio.o
    0x080016a2   0x00000004   Code   RO         1538    i.GPIO_ResetBits    stm32f10x_gpio.o
    0x080016a6   0x00000004   Code   RO         1539    i.GPIO_SetBits      stm32f10x_gpio.o
    0x080016aa   0x00000002   PAD
    0x080016ac   0x00000050   Code   RO         1189    i.GS_IIC_Ack        paj7620u2_iic.o
    0x080016fc   0x00000050   Code   RO         1190    i.GS_IIC_NAck       paj7620u2_iic.o
    0x0800174c   0x00000070   Code   RO         1191    i.GS_IIC_Read_Byte  paj7620u2_iic.o
    0x080017bc   0x00000074   Code   RO         1192    i.GS_IIC_Send_Byte  paj7620u2_iic.o
    0x08001830   0x0000004c   Code   RO         1193    i.GS_IIC_Start      paj7620u2_iic.o
    0x0800187c   0x0000004c   Code   RO         1194    i.GS_IIC_Stop       paj7620u2_iic.o
    0x080018c8   0x00000068   Code   RO         1195    i.GS_IIC_Wait_Ack   paj7620u2_iic.o
    0x08001930   0x00000044   Code   RO         1196    i.GS_Read_Byte      paj7620u2_iic.o
    0x08001974   0x00000062   Code   RO         1197    i.GS_Read_nByte     paj7620u2_iic.o
    0x080019d6   0x00000012   Code   RO         1198    i.GS_WakeUp         paj7620u2_iic.o
    0x080019e8   0x0000003a   Code   RO         1199    i.GS_Write_Byte     paj7620u2_iic.o
    0x08001a22   0x00000002   PAD
    0x08001a24   0x00000034   Code   RO         1200    i.GS_i2c_init       paj7620u2_iic.o
    0x08001a58   0x00000628   Code   RO            2    i.Gestures_Mode     main.o
    0x08002080   0x00000004   Code   RO          180    i.HardFault_Handler  stm32f10x_it.o
    0x08002084   0x0000003c   Code   RO          313    i.KEY_Init          key.o
    0x080020c0   0x000000a4   Code   RO          314    i.KEY_Scan          key.o
    0x08002164   0x0000004c   Code   RO          301    i.LED_Init          led.o
    0x080021b0   0x000000ac   Code   RO            3    i.MPU6050_Calibration  main.o
    0x0800225c   0x00000050   Code   RO          393    i.MPU_Get_Gyroscope  mpu6050.o
    0x080022ac   0x0000004c   Code   RO          332    i.MPU_IIC_Ack       mpuiic.o
    0x080022f8   0x0000000a   Code   RO          333    i.MPU_IIC_Delay     mpuiic.o
    0x08002302   0x00000002   PAD
    0x08002304   0x00000038   Code   RO          334    i.MPU_IIC_Init      mpuiic.o
    0x0800233c   0x0000004c   Code   RO          335    i.MPU_IIC_NAck      mpuiic.o
    0x08002388   0x0000006c   Code   RO          336    i.MPU_IIC_Read_Byte  mpuiic.o
    0x080023f4   0x0000005c   Code   RO          337    i.MPU_IIC_Send_Byte  mpuiic.o
    0x08002450   0x00000048   Code   RO          338    i.MPU_IIC_Start     mpuiic.o
    0x08002498   0x00000048   Code   RO          339    i.MPU_IIC_Stop      mpuiic.o
    0x080024e0   0x00000064   Code   RO          340    i.MPU_IIC_Wait_Ack  mpuiic.o
    0x08002544   0x000000c0   Code   RO          395    i.MPU_Init          mpu6050.o
    0x08002604   0x0000003a   Code   RO          396    i.MPU_Read_Byte     mpu6050.o
    0x0800263e   0x00000074   Code   RO          397    i.MPU_Read_Len      mpu6050.o
    0x080026b2   0x00000010   Code   RO          398    i.MPU_Set_Accel_Fsr  mpu6050.o
    0x080026c2   0x00000010   Code   RO          399    i.MPU_Set_Gyro_Fsr  mpu6050.o
    0x080026d2   0x0000003a   Code   RO          400    i.MPU_Set_LPF       mpu6050.o
    0x0800270c   0x0000003a   Code   RO          401    i.MPU_Set_Rate      mpu6050.o
    0x08002746   0x00000044   Code   RO          402    i.MPU_Write_Byte    mpu6050.o
    0x0800278a   0x00000060   Code   RO          403    i.MPU_Write_Len     mpu6050.o
    0x080027ea   0x00000004   Code   RO          181    i.MemManage_Handler  stm32f10x_it.o
    0x080027ee   0x00000002   PAD
    0x080027f0   0x00000058   Code   RO          995    i.Motor_Init        motor.o
    0x08002848   0x00000002   Code   RO          182    i.NMI_Handler       stm32f10x_it.o
    0x0800284a   0x00000002   PAD
    0x0800284c   0x00000070   Code   RO         1369    i.NVIC_Init         misc.o
    0x080028bc   0x00000014   Code   RO         1370    i.NVIC_PriorityGroupConfig  misc.o
    0x080028d0   0x00000002   Code   RO          183    i.PendSV_Handler    stm32f10x_it.o
    0x080028d2   0x00000002   PAD
    0x080028d4   0x00000020   Code   RO         1641    i.RCC_APB1PeriphClockCmd  stm32f10x_rcc.o
    0x080028f4   0x00000020   Code   RO         1643    i.RCC_APB2PeriphClockCmd  stm32f10x_rcc.o
    0x08002914   0x000000d4   Code   RO         1651    i.RCC_GetClocksFreq  stm32f10x_rcc.o
    0x080029e8   0x000000bc   Code   RO         1089    i.Remote_Init       remote.o
    0x08002aa4   0x00000708   Code   RO            4    i.Remote_Mode       main.o
    0x080031ac   0x00000068   Code   RO         1090    i.Remote_Scan       remote.o
    0x08003214   0x00000002   Code   RO          184    i.SVC_Handler       stm32f10x_it.o
    0x08003216   0x00000008   Code   RO          267    i.SetSysClock       system_stm32f10x.o
    0x0800321e   0x00000002   PAD
    0x08003220   0x000000e0   Code   RO          268    i.SetSysClockTo72   system_stm32f10x.o
    0x08003300   0x00000028   Code   RO         1373    i.SysTick_CLKSourceConfig  misc.o
    0x08003328   0x00000002   Code   RO          185    i.SysTick_Handler   stm32f10x_it.o
    0x0800332a   0x00000002   PAD
    0x0800332c   0x00000060   Code   RO          270    i.SystemInit        system_stm32f10x.o
    0x0800338c   0x00000080   Code   RO         2019    i.TI1_Config        stm32f10x_tim.o
    0x0800340c   0x00000098   Code   RO         2020    i.TI2_Config        stm32f10x_tim.o
    0x080034a4   0x00000090   Code   RO         2021    i.TI3_Config        stm32f10x_tim.o
    0x08003534   0x00000098   Code   RO         2022    i.TI4_Config        stm32f10x_tim.o
    0x080035cc   0x00000180   Code   RO         1119    i.TIM2_IRQHandler   timer.o
    0x0800374c   0x0000005c   Code   RO         1120    i.TIM2_Int_Init     timer.o
    0x080037a8   0x00000128   Code   RO         1121    i.TIM3_PWM_Init     timer.o
    0x080038d0   0x00000198   Code   RO         1091    i.TIM4_IRQHandler   remote.o
    0x08003a68   0x00000006   Code   RO         2030    i.TIM_ClearITPendingBit  stm32f10x_tim.o
    0x08003a6e   0x00000018   Code   RO         2035    i.TIM_Cmd           stm32f10x_tim.o
    0x08003a86   0x00000008   Code   RO         2053    i.TIM_GetCapture4   stm32f10x_tim.o
    0x08003a8e   0x00000022   Code   RO         2056    i.TIM_GetITStatus   stm32f10x_tim.o
    0x08003ab0   0x000000ac   Code   RO         2058    i.TIM_ICInit        stm32f10x_tim.o
    0x08003b5c   0x00000012   Code   RO         2060    i.TIM_ITConfig      stm32f10x_tim.o
    0x08003b6e   0x00000002   PAD
    0x08003b70   0x00000098   Code   RO         2064    i.TIM_OC1Init       stm32f10x_tim.o
    0x08003c08   0x00000012   Code   RO         2067    i.TIM_OC1PreloadConfig  stm32f10x_tim.o
    0x08003c1a   0x00000002   PAD
    0x08003c1c   0x000000a4   Code   RO         2069    i.TIM_OC2Init       stm32f10x_tim.o
    0x08003cc0   0x0000001a   Code   RO         2072    i.TIM_OC2PreloadConfig  stm32f10x_tim.o
    0x08003cda   0x00000002   PAD
    0x08003cdc   0x000000a0   Code   RO         2074    i.TIM_OC3Init       stm32f10x_tim.o
    0x08003d7c   0x00000012   Code   RO         2077    i.TIM_OC3PreloadConfig  stm32f10x_tim.o
    0x08003d8e   0x00000002   PAD
    0x08003d90   0x0000007c   Code   RO         2079    i.TIM_OC4Init       stm32f10x_tim.o
    0x08003e0c   0x0000001a   Code   RO         2080    i.TIM_OC4PolarityConfig  stm32f10x_tim.o
    0x08003e26   0x0000001a   Code   RO         2081    i.TIM_OC4PreloadConfig  stm32f10x_tim.o
    0x08003e40   0x00000004   Code   RO         2096    i.TIM_SetCompare1   stm32f10x_tim.o
    0x08003e44   0x00000004   Code   RO         2097    i.TIM_SetCompare2   stm32f10x_tim.o
    0x08003e48   0x00000004   Code   RO         2098    i.TIM_SetCompare3   stm32f10x_tim.o
    0x08003e4c   0x00000006   Code   RO         2099    i.TIM_SetCompare4   stm32f10x_tim.o
    0x08003e52   0x00000004   Code   RO         2100    i.TIM_SetCounter    stm32f10x_tim.o
    0x08003e56   0x00000012   Code   RO         2101    i.TIM_SetIC1Prescaler  stm32f10x_tim.o
    0x08003e68   0x0000001a   Code   RO         2102    i.TIM_SetIC2Prescaler  stm32f10x_tim.o
    0x08003e82   0x00000012   Code   RO         2103    i.TIM_SetIC3Prescaler  stm32f10x_tim.o
    0x08003e94   0x0000001a   Code   RO         2104    i.TIM_SetIC4Prescaler  stm32f10x_tim.o
    0x08003eae   0x00000002   PAD
    0x08003eb0   0x000000a4   Code   RO         2106    i.TIM_TimeBaseInit  stm32f10x_tim.o
    0x08003f54   0x0000010c   Code   RO         1315    i.USART2_IRQHandler  usart.o
    0x08004060   0x00000018   Code   RO         1843    i.USART_Cmd         stm32f10x_usart.o
    0x08004078   0x00000054   Code   RO         1847    i.USART_GetITStatus  stm32f10x_usart.o
    0x080040cc   0x0000004a   Code   RO         1849    i.USART_ITConfig    stm32f10x_usart.o
    0x08004116   0x00000002   PAD
    0x08004118   0x000000d8   Code   RO         1850    i.USART_Init        stm32f10x_usart.o
    0x080041f0   0x0000000a   Code   RO         1857    i.USART_ReceiveData  stm32f10x_usart.o
    0x080041fa   0x00000004   Code   RO          186    i.UsageFault_Handler  stm32f10x_it.o
    0x080041fe   0x00000028   Code   RO         2816    i.__ARM_fpclassify  m_ws.l(fpclassify.o)
    0x08004226   0x000000aa   Code   RO         2818    i.__kernel_poly     m_ws.l(poly.o)
    0x080042d0   0x00000006   Code   RO         2803    i.__mathlib_dbl_infnan  m_ws.l(dunder.o)
    0x080042d6   0x00000004   Code   RO         2804    i.__mathlib_dbl_infnan2  m_ws.l(dunder.o)
    0x080042da   0x0000000c   Code   RO         2805    i.__mathlib_dbl_invalid  m_ws.l(dunder.o)
    0x080042e6   0x00000002   PAD
    0x080042e8   0x00000010   Code   RO         2808    i.__mathlib_dbl_underflow  m_ws.l(dunder.o)
    0x080042f8   0x0000000e   Code   RO         2668    i._is_digit         c_w.l(__printf_wp.o)
    0x08004306   0x00000006   Code   RO         1316    i._sys_exit         usart.o
    0x0800430c   0x000000a8   Code   RO          474    i.accel_self_test   inv_mpu.o
    0x080043b4   0x00000270   Code   RO         2748    i.asin              m_ws.l(asin.o)
    0x08004624   0x00000220   Code   RO         2793    i.atan              m_ws.l(atan.o)
    0x08004844   0x00000180   Code   RO         2758    i.atan2             m_ws.l(atan2.o)
    0x080049c4   0x00000064   Code   RO          805    i.decode_gesture    inv_mpu_dmp_motion_driver.o
    0x08004a28   0x00000044   Code   RO         1260    i.delay_init        delay.o
    0x08004a6c   0x0000004c   Code   RO         1261    i.delay_ms          delay.o
    0x08004ab8   0x0000004c   Code   RO         1262    i.delay_us          delay.o
    0x08004b04   0x0000003c   Code   RO          806    i.dmp_enable_6x_lp_quat  inv_mpu_dmp_motion_driver.o
    0x08004b40   0x0000021c   Code   RO          807    i.dmp_enable_feature  inv_mpu_dmp_motion_driver.o
    0x08004d5c   0x00000058   Code   RO          808    i.dmp_enable_gyro_cal  inv_mpu_dmp_motion_driver.o
    0x08004db4   0x0000003c   Code   RO          809    i.dmp_enable_lp_quat  inv_mpu_dmp_motion_driver.o
    0x08004df0   0x00000018   Code   RO          814    i.dmp_load_motion_driver_firmware  inv_mpu_dmp_motion_driver.o
    0x08004e08   0x000001cc   Code   RO          815    i.dmp_read_fifo     inv_mpu_dmp_motion_driver.o
    0x08004fd4   0x00000130   Code   RO          818    i.dmp_set_accel_bias  inv_mpu_dmp_motion_driver.o
    0x08005104   0x00000070   Code   RO          819    i.dmp_set_fifo_rate  inv_mpu_dmp_motion_driver.o
    0x08005174   0x00000130   Code   RO          820    i.dmp_set_gyro_bias  inv_mpu_dmp_motion_driver.o
    0x080052a4   0x00000138   Code   RO          822    i.dmp_set_orientation  inv_mpu_dmp_motion_driver.o
    0x080053dc   0x00000038   Code   RO          825    i.dmp_set_shake_reject_thresh  inv_mpu_dmp_motion_driver.o
    0x08005414   0x00000026   Code   RO          826    i.dmp_set_shake_reject_time  inv_mpu_dmp_motion_driver.o
    0x0800543a   0x00000026   Code   RO          827    i.dmp_set_shake_reject_timeout  inv_mpu_dmp_motion_driver.o
    0x08005460   0x00000046   Code   RO          828    i.dmp_set_tap_axes  inv_mpu_dmp_motion_driver.o
    0x080054a6   0x00000026   Code   RO          829    i.dmp_set_tap_count  inv_mpu_dmp_motion_driver.o
    0x080054cc   0x000001a0   Code   RO          830    i.dmp_set_tap_thresh  inv_mpu_dmp_motion_driver.o
    0x0800566c   0x00000026   Code   RO          831    i.dmp_set_tap_time  inv_mpu_dmp_motion_driver.o
    0x08005692   0x00000026   Code   RO          832    i.dmp_set_tap_time_multi  inv_mpu_dmp_motion_driver.o
    0x080056b8   0x0000001c   Code   RO         1317    i.fputc             usart.o
    0x080056d4   0x00000200   Code   RO         1143    i.gesture_recognition  paj7620u2.o
    0x080058d4   0x000000b4   Code   RO          475    i.get_accel_prod_shift  inv_mpu.o
    0x08005988   0x00000470   Code   RO          476    i.get_st_biases     inv_mpu.o
    0x08005df8   0x00000110   Code   RO          477    i.gyro_self_test    inv_mpu.o
    0x08005f08   0x00000028   Code   RO          478    i.inv_orientation_matrix_to_scalar  inv_mpu.o
    0x08005f30   0x0000004e   Code   RO          479    i.inv_row_2_scale   inv_mpu.o
    0x08005f7e   0x00000002   PAD
    0x08005f80   0x000000b8   Code   RO            5    i.main              main.o
    0x08006038   0x00000002   Code   RO          480    i.mget_ms           inv_mpu.o
    0x0800603a   0x00000002   PAD
    0x0800603c   0x00000070   Code   RO          481    i.mpu_configure_fifo  inv_mpu.o
    0x080060ac   0x00000224   Code   RO          482    i.mpu_dmp_get_data  inv_mpu.o
    0x080062d0   0x000000a0   Code   RO          483    i.mpu_dmp_init      inv_mpu.o
    0x08006370   0x0000004c   Code   RO          484    i.mpu_get_accel_fsr  inv_mpu.o
    0x080063bc   0x00000054   Code   RO          486    i.mpu_get_accel_sens  inv_mpu.o
    0x08006410   0x00000010   Code   RO          491    i.mpu_get_fifo_config  inv_mpu.o
    0x08006420   0x00000044   Code   RO          492    i.mpu_get_gyro_fsr  inv_mpu.o
    0x08006464   0x00000050   Code   RO          494    i.mpu_get_gyro_sens  inv_mpu.o
    0x080064b4   0x00000050   Code   RO          496    i.mpu_get_lpf       inv_mpu.o
    0x08006504   0x00000020   Code   RO          498    i.mpu_get_sample_rate  inv_mpu.o
    0x08006524   0x000001f0   Code   RO          500    i.mpu_init          inv_mpu.o
    0x08006714   0x000000b8   Code   RO          501    i.mpu_load_firmware  inv_mpu.o
    0x080067cc   0x000000e0   Code   RO          502    i.mpu_lp_accel_mode  inv_mpu.o
    0x080068ac   0x000000c0   Code   RO          505    i.mpu_read_fifo_stream  inv_mpu.o
    0x0800696c   0x00000080   Code   RO          506    i.mpu_read_mem      inv_mpu.o
    0x080069ec   0x000001c8   Code   RO          509    i.mpu_reset_fifo    inv_mpu.o
    0x08006bb4   0x0000011c   Code   RO          510    i.mpu_run_self_test  inv_mpu.o
    0x08006cd0   0x00000084   Code   RO          512    i.mpu_set_accel_fsr  inv_mpu.o
    0x08006d54   0x0000014c   Code   RO          513    i.mpu_set_bypass    inv_mpu.o
    0x08006ea0   0x00000090   Code   RO          515    i.mpu_set_dmp_state  inv_mpu.o
    0x08006f30   0x00000088   Code   RO          516    i.mpu_set_gyro_fsr  inv_mpu.o
    0x08006fb8   0x0000006c   Code   RO          517    i.mpu_set_int_latched  inv_mpu.o
    0x08007024   0x00000084   Code   RO          519    i.mpu_set_lpf       inv_mpu.o
    0x080070a8   0x0000009c   Code   RO          520    i.mpu_set_sample_rate  inv_mpu.o
    0x08007144   0x000000d0   Code   RO          521    i.mpu_set_sensors   inv_mpu.o
    0x08007214   0x00000080   Code   RO          522    i.mpu_write_mem     inv_mpu.o
    0x08007294   0x00000044   Code   RO         1144    i.paj7620u2_init    paj7620u2.o
    0x080072d8   0x00000034   Code   RO         1145    i.paj7620u2_ready   paj7620u2.o
    0x0800730c   0x00000024   Code   RO         1146    i.paj7620u2_selectBank  paj7620u2.o
    0x08007330   0x00000032   Code   RO         1147    i.paj7620u2_wakeup  paj7620u2.o
    0x08007362   0x00000094   Code   RO          523    i.run_self_test     inv_mpu.o
    0x080073f6   0x00000002   PAD
    0x080073f8   0x00000090   Code   RO          524    i.set_int_enable    inv_mpu.o
    0x08007488   0x0000004c   Code   RO         2822    i.sqrt              m_ws.l(sqrt.o)
    0x080074d4   0x0000008c   Code   RO         1318    i.uart_init         usart.o
    0x08007560   0x00000062   Code   RO         2689    x$fpl$d2f           fz_ws.l(d2f.o)
    0x080075c2   0x00000002   PAD
    0x080075c4   0x00000150   Code   RO         2691    x$fpl$dadd          fz_ws.l(daddsub_clz.o)
    0x08007714   0x00000010   Code   RO         2861    x$fpl$dcheck1       fz_ws.l(dcheck1.o)
    0x08007724   0x000002b0   Code   RO         2698    x$fpl$ddiv          fz_ws.l(ddiv.o)
    0x080079d4   0x0000005e   Code   RO         2701    x$fpl$dfix          fz_ws.l(dfix.o)
    0x08007a32   0x0000002e   Code   RO         2706    x$fpl$dflt          fz_ws.l(dflt_clz.o)
    0x08007a60   0x00000154   Code   RO         2711    x$fpl$dmul          fz_ws.l(dmul.o)
    0x08007bb4   0x0000009c   Code   RO         2779    x$fpl$dnaninf       fz_ws.l(dnaninf.o)
    0x08007c50   0x0000000c   Code   RO         2781    x$fpl$dretinf       fz_ws.l(dretinf.o)
    0x08007c5c   0x00000016   Code   RO         2692    x$fpl$drsb          fz_ws.l(daddsub_clz.o)
    0x08007c72   0x00000002   PAD
    0x08007c74   0x000001cc   Code   RO         2865    x$fpl$dsqrt         fz_ws.l(dsqrt_noumaal.o)
    0x08007e40   0x000001d4   Code   RO         2693    x$fpl$dsub          fz_ws.l(daddsub_clz.o)
    0x08008014   0x00000056   Code   RO         2713    x$fpl$f2d           fz_ws.l(f2d.o)
    0x0800806a   0x00000002   PAD
    0x0800806c   0x000000c4   Code   RO         2715    x$fpl$fadd          fz_ws.l(faddsub_clz.o)
    0x08008130   0x00000018   Code   RO         2783    x$fpl$fcmpinf       fz_ws.l(fcmpi.o)
    0x08008148   0x00000184   Code   RO         2722    x$fpl$fdiv          fz_ws.l(fdiv.o)
    0x080082cc   0x00000068   Code   RO         2725    x$fpl$feqf          fz_ws.l(feqf.o)
    0x08008334   0x00000036   Code   RO         2727    x$fpl$ffix          fz_ws.l(ffix.o)
    0x0800836a   0x00000002   PAD
    0x0800836c   0x0000003e   Code   RO         2731    x$fpl$ffixu         fz_ws.l(ffixu.o)
    0x080083aa   0x00000002   PAD
    0x080083ac   0x00000030   Code   RO         2736    x$fpl$fflt          fz_ws.l(fflt_clz.o)
    0x080083dc   0x00000026   Code   RO         2735    x$fpl$ffltu         fz_ws.l(fflt_clz.o)
    0x08008402   0x00000002   PAD
    0x08008404   0x00000068   Code   RO         2741    x$fpl$fleqf         fz_ws.l(fleqf.o)
    0x0800846c   0x00000102   Code   RO         2743    x$fpl$fmul          fz_ws.l(fmul.o)
    0x0800856e   0x0000008c   Code   RO         2785    x$fpl$fnaninf       fz_ws.l(fnaninf.o)
    0x080085fa   0x0000000a   Code   RO         2787    x$fpl$fretinf       fz_ws.l(fretinf.o)
    0x08008604   0x00000062   Code   RO         2745    x$fpl$frleqf        fz_ws.l(frleqf.o)
    0x08008666   0x00000002   PAD
    0x08008668   0x000000ea   Code   RO         2717    x$fpl$fsub          fz_ws.l(faddsub_clz.o)
    0x08008752   0x00000064   Code   RO         2886    x$fpl$retnan        fz_ws.l(retnan.o)
    0x080087b6   0x0000005c   Code   RO         2789    x$fpl$scalbn        fz_ws.l(scalbn.o)
    0x08008812   0x00000030   Code   RO         2939    x$fpl$trapveneer    fz_ws.l(trapv.o)
    0x08008842   0x00000000   Code   RO         2791    x$fpl$usenofp       fz_ws.l(usenofp.o)
    0x08008842   0x00000002   PAD
    0x08008844   0x00000050   Data   RO          526    .constdata          inv_mpu.o
    0x08008894   0x00000bf6   Data   RO          834    .constdata          inv_mpu_dmp_motion_driver.o
    0x0800948a   0x000000e8   Data   RO         1148    .constdata          paj7620u2.o
    0x08009572   0x00000011   Data   RO         2671    .constdata          c_w.l(__printf_flags_wp.o)
    0x08009583   0x00000005   PAD
    0x08009588   0x00000050   Data   RO         2749    .constdata          m_ws.l(asin.o)
    0x080095d8   0x00000098   Data   RO         2794    .constdata          m_ws.l(atan.o)
    0x08009670   0x00000008   Data   RO         2820    .constdata          m_ws.l(qnan.o)
    0x08009678   0x0000004d   Data   RO          527    .conststring        inv_mpu.o
    0x080096c5   0x00000003   PAD
    0x080096c8   0x00000020   Data   RO         3013    Region$$Table       anon$$obj.o


    Execution Region RW_IRAM1 (Base: 0x20000000, Size: 0x00000778, Max: 0x00010000, ABSOLUTE)

    Base Addr    Size         Type   Attr      Idx    E Section Name        Object

    0x20000000   0x0000008c   Data   RW            6    .data               main.o
    0x2000008c   0x00000014   Data   RW          271    .data               system_stm32f10x.o
    0x200000a0   0x00000001   Data   RW          315    .data               key.o
    0x200000a1   0x00000003   PAD
    0x200000a4   0x00000035   Data   RW          528    .data               inv_mpu.o
    0x200000d9   0x00000003   PAD
    0x200000dc   0x00000009   Data   RW         1092    .data               remote.o
    0x200000e5   0x00000001   PAD
    0x200000e6   0x00000004   Data   RW         1263    .data               delay.o
    0x200000ea   0x00000002   PAD
    0x200000ec   0x00000004   Data   RW         1319    .data               usart.o
    0x200000f0   0x00000014   Data   RW         1671    .data               stm32f10x_rcc.o
    0x20000104   0x00000010   Zero   RW          833    .bss                inv_mpu_dmp_motion_driver.o
    0x20000114   0x00000060   Zero   RW         2868    .bss                c_w.l(libspace.o)
    0x20000174   0x00000004   PAD
    0x20000178   0x00000200   Zero   RW         1363    HEAP                startup_stm32f10x_hd.o
    0x20000378   0x00000400   Zero   RW         1362    STACK               startup_stm32f10x_hd.o


==============================================================================

Image component sizes


      Code (inc. data)   RO Data    RW Data    ZI Data      Debug   Object Name

       220         26          0          4          0       1635   delay.o
      1008         82          0          0          0       4192   exti.o
      6864        290        157         53          0      30140   inv_mpu.o
      3096        122       3062          0         16      20214   inv_mpu_dmp_motion_driver.o
       224         22          0          1          0       1102   key.o
        76          8          0          0          0        479   led.o
      5288        744          0        140          0     259098   main.o
       172         22          0          0          0       1993   misc.o
       644         64          0          0          0       2625   motor.o
       758         12          0          0          0       6627   mpu6050.o
       662        100          0          0          0       4670   mpuiic.o
       718         48        232          0          0       5309   paj7620u2.o
       938        100          0          0          0       6945   paj7620u2_iic.o
       700         44          0          9          0       2206   remote.o
        64         26        304          0       1536        776   startup_stm32f10x_hd.o
       200         18          0          0          0       2032   stm32f10x_exti.o
       512         10          0          0          0       4968   stm32f10x_gpio.o
        26          0          0          0          0       3558   stm32f10x_it.o
       276         32          0         20          0       4350   stm32f10x_rcc.o
      1826        200          0          0          0      17878   stm32f10x_tim.o
       408          6          0          0          0       4854   stm32f10x_usart.o
         0          0          0          0          0         32   sys.o
       328         28          0         20          0       2005   system_stm32f10x.o
       772         84          0          0          0       2006   timer.o
       442         52          0          4          0       3974   usart.o

    ----------------------------------------------------------------------
     26260       2140       3790        260       1552     393668   Object Totals
         0          0         32          0          0          0   (incl. Generated)
        38          0          3          9          0          0   (incl. Padding)

    ----------------------------------------------------------------------

      Code (inc. data)   RO Data    RW Data    ZI Data      Debug   Library Member Name

         8          0          0          0          0         68   __main.o
       312          4         17          0          0         92   __printf_flags_wp.o
        14          0          0          0          0         68   __printf_wp.o
         0          0          0          0          0          0   __rtentry.o
        12          0          0          0          0          0   __rtentry2.o
         6          0          0          0          0          0   __rtentry4.o
        52          8          0          0          0          0   __scatter.o
        26          0          0          0          0          0   __scatter_copy.o
        28          0          0          0          0          0   __scatter_zi.o
        48          6          0          0          0         96   _printf_char_common.o
        36          4          0          0          0         80   _printf_char_file.o
         6          0          0          0          0          0   _printf_d.o
       120         16          0          0          0         92   _printf_dec.o
       178          0          0          0          0         88   _printf_intcommon.o
         0          0          0          0          0          0   _printf_percent.o
         4          0          0          0          0          0   _printf_percent_end.o
        22          0          0          0          0        100   _rserrno.o
        16          0          0          0          0         68   aeabi_memset.o
        12          0          0          0          0         72   exit.o
         8          0          0          0          0         68   ferror.o
         6          0          0          0          0        152   heapauxi.o
         2          0          0          0          0          0   libinit.o
         2          0          0          0          0          0   libinit2.o
         2          0          0          0          0          0   libshutdown.o
         2          0          0          0          0          0   libshutdown2.o
         8          4          0          0         96         68   libspace.o
        72          0          0          0          0         76   llsdiv.o
       238          0          0          0          0        100   lludivv7m.o
        88          0          0          0          0         76   memcmp.o
        24          4          0          0          0         84   noretval__2printf.o
         8          4          0          0          0         68   rt_errno_addr_intlibspace.o
        68          0          0          0          0         68   rt_memclr.o
        78          0          0          0          0         80   rt_memclr_w.o
         2          0          0          0          0          0   rtexit.o
        10          0          0          0          0          0   rtexit2.o
        74          0          0          0          0         80   sys_stackheap_outer.o
         2          0          0          0          0         68   use_no_semi.o
         2          0          0          0          0         68   use_no_semi_2.o
        98          4          0          0          0         92   d2f.o
       826         16          0          0          0        348   daddsub_clz.o
        16          4          0          0          0         68   dcheck1.o
       688        140          0          0          0        208   ddiv.o
        94          4          0          0          0         92   dfix.o
        46          0          0          0          0         68   dflt_clz.o
       340         12          0          0          0        104   dmul.o
       156          4          0          0          0         92   dnaninf.o
        12          0          0          0          0         68   dretinf.o
       460         56          0          0          0        120   dsqrt_noumaal.o
        86          4          0          0          0         84   f2d.o
       430          8          0          0          0        168   faddsub_clz.o
        24          0          0          0          0         68   fcmpi.o
       388         76          0          0          0         96   fdiv.o
       104          4          0          0          0         84   feqf.o
        54          4          0          0          0         84   ffix.o
        62          4          0          0          0         84   ffixu.o
        86          0          0          0          0        136   fflt_clz.o
       104          4          0          0          0         84   fleqf.o
       258          4          0          0          0         84   fmul.o
       140          4          0          0          0         84   fnaninf.o
        10          0          0          0          0         68   fretinf.o
        98          0          0          0          0         68   frleqf.o
       100          0          0          0          0         68   retnan.o
        92          0          0          0          0         68   scalbn.o
        48          0          0          0          0         68   trapv.o
         0          0          0          0          0          0   usenofp.o
       624         52         80          0          0        168   asin.o
       544         70        152          0          0        124   atan.o
       384         38          0          0          0        144   atan2.o
        38          6          0          0          0        272   dunder.o
        40          0          0          0          0         68   fpclassify.o
       170          0          0          0          0         96   poly.o
         0          0          8          0          0          0   qnan.o
        76          0          0          0          0         84   sqrt.o

    ----------------------------------------------------------------------
      8320        568        262          0        100       5492   Library Totals
        28          0          5          0          4          0   (incl. Padding)

    ----------------------------------------------------------------------

      Code (inc. data)   RO Data    RW Data    ZI Data      Debug   Library Name

      1596         50         17          0         96       1880   c_w.l
      4820        352          0          0          0       2656   fz_ws.l
      1876        166        240          0          0        956   m_ws.l

    ----------------------------------------------------------------------
      8320        568        262          0        100       5492   Library Totals

    ----------------------------------------------------------------------

==============================================================================


      Code (inc. data)   RO Data    RW Data    ZI Data      Debug   

     34580       2708       4052        260       1652     386728   Grand Totals
     34580       2708       4052        260       1652     386728   ELF Image Totals
     34580       2708       4052        260          0          0   ROM Totals

==============================================================================

    Total RO  Size (Code + RO Data)                38632 (  37.73kB)
    Total RW  Size (RW Data + ZI Data)              1912 (   1.87kB)
    Total ROM Size (Code + RO Data + RW Data)      38892 (  37.98kB)

==============================================================================

